stm32f4xx_ltdc.c:123:6:LTDC_DeInit	8	static
stm32f4xx_ltdc.c:140:6:LTDC_Init	40	static
stm32f4xx_ltdc.c:205:6:LTDC_StructInit	16	static
stm32f4xx_ltdc.c:232:6:LTDC_Cmd	16	static
stm32f4xx_ltdc.c:256:6:LTDC_DitherCmd	16	static
stm32f4xx_ltdc.c:280:17:LTDC_GetRGBWidth	32	static
stm32f4xx_ltdc.c:300:6:LTDC_RGBStructInit	16	static
stm32f4xx_ltdc.c:314:6:LTDC_LIPConfig	16	static
stm32f4xx_ltdc.c:332:6:LTDC_ReloadConfig	16	static
stm32f4xx_ltdc.c:353:6:LTDC_LayerInit	40	static
stm32f4xx_ltdc.c:431:6:LTDC_LayerStructInit	16	static
stm32f4xx_ltdc.c:480:6:LTDC_LayerCmd	16	static
stm32f4xx_ltdc.c:505:17:LTDC_GetPosStatus	24	static
stm32f4xx_ltdc.c:524:6:LTDC_PosStructInit	16	static
stm32f4xx_ltdc.c:541:12:LTDC_GetCDStatus	24	static
stm32f4xx_ltdc.c:568:6:LTDC_ColorKeyingConfig	32	static
stm32f4xx_ltdc.c:607:6:LTDC_ColorKeyingStructInit	16	static
stm32f4xx_ltdc.c:625:6:LTDC_CLUTCmd	16	static
stm32f4xx_ltdc.c:654:6:LTDC_CLUTInit	32	static
stm32f4xx_ltdc.c:681:6:LTDC_CLUTStructInit	16	static
stm32f4xx_ltdc.c:701:6:LTDC_LayerPosition	40	static
stm32f4xx_ltdc.c:762:6:LTDC_LayerAlpha	16	static
stm32f4xx_ltdc.c:777:6:LTDC_LayerAddress	16	static
stm32f4xx_ltdc.c:793:6:LTDC_LayerSize	48	static
stm32f4xx_ltdc.c:855:6:LTDC_LayerPixelFormat	24	static
stm32f4xx_ltdc.c:969:6:LTDC_ITConfig	16	static
stm32f4xx_ltdc.c:995:12:LTDC_GetFlagStatus	24	static
stm32f4xx_ltdc.c:1023:6:LTDC_ClearFlag	16	static
stm32f4xx_ltdc.c:1042:10:LTDC_GetITStatus	24	static
stm32f4xx_ltdc.c:1080:6:LTDC_ClearITPendingBit	16	static
