Archive member included to satisfy reference by file (symbol)

c:/program files (x86)/atollic/truestudio for stm32 9.0.1/armtools/bin/../lib/gcc/arm-atollic-eabi/6.3.1/../../../../arm-atollic-eabi/lib/armv7e-m/softfp\libc_nano.a(lib_a-init.o)
                              src\startup_stm32f429_439xx.o (__libc_init_array)
c:/program files (x86)/atollic/truestudio for stm32 9.0.1/armtools/bin/../lib/gcc/arm-atollic-eabi/6.3.1/../../../../arm-atollic-eabi/lib/armv7e-m/softfp\libc_nano.a(lib_a-malloc.o)
                              src\tm_stm32f4_delay.o (malloc)
c:/program files (x86)/atollic/truestudio for stm32 9.0.1/armtools/bin/../lib/gcc/arm-atollic-eabi/6.3.1/../../../../arm-atollic-eabi/lib/armv7e-m/softfp\libc_nano.a(lib_a-nano-freer.o)
                              c:/program files (x86)/atollic/truestudio for stm32 9.0.1/armtools/bin/../lib/gcc/arm-atollic-eabi/6.3.1/../../../../arm-atollic-eabi/lib/armv7e-m/softfp\libc_nano.a(lib_a-malloc.o) (_free_r)
c:/program files (x86)/atollic/truestudio for stm32 9.0.1/armtools/bin/../lib/gcc/arm-atollic-eabi/6.3.1/../../../../arm-atollic-eabi/lib/armv7e-m/softfp\libc_nano.a(lib_a-nano-mallocr.o)
                              c:/program files (x86)/atollic/truestudio for stm32 9.0.1/armtools/bin/../lib/gcc/arm-atollic-eabi/6.3.1/../../../../arm-atollic-eabi/lib/armv7e-m/softfp\libc_nano.a(lib_a-malloc.o) (_malloc_r)
c:/program files (x86)/atollic/truestudio for stm32 9.0.1/armtools/bin/../lib/gcc/arm-atollic-eabi/6.3.1/../../../../arm-atollic-eabi/lib/armv7e-m/softfp\libc_nano.a(lib_a-sbrkr.o)
                              c:/program files (x86)/atollic/truestudio for stm32 9.0.1/armtools/bin/../lib/gcc/arm-atollic-eabi/6.3.1/../../../../arm-atollic-eabi/lib/armv7e-m/softfp\libc_nano.a(lib_a-nano-mallocr.o) (_sbrk_r)
c:/program files (x86)/atollic/truestudio for stm32 9.0.1/armtools/bin/../lib/gcc/arm-atollic-eabi/6.3.1/../../../../arm-atollic-eabi/lib/armv7e-m/softfp\libc_nano.a(lib_a-strcat.o)
                              src\main.o (strcat)
c:/program files (x86)/atollic/truestudio for stm32 9.0.1/armtools/bin/../lib/gcc/arm-atollic-eabi/6.3.1/../../../../arm-atollic-eabi/lib/armv7e-m/softfp\libc_nano.a(lib_a-strlen.o)
                              src\main.o (strlen)
c:/program files (x86)/atollic/truestudio for stm32 9.0.1/armtools/bin/../lib/gcc/arm-atollic-eabi/6.3.1/../../../../arm-atollic-eabi/lib/armv7e-m/softfp\libc_nano.a(lib_a-impure.o)
                              c:/program files (x86)/atollic/truestudio for stm32 9.0.1/armtools/bin/../lib/gcc/arm-atollic-eabi/6.3.1/../../../../arm-atollic-eabi/lib/armv7e-m/softfp\libc_nano.a(lib_a-malloc.o) (_impure_ptr)
c:/program files (x86)/atollic/truestudio for stm32 9.0.1/armtools/bin/../lib/gcc/arm-atollic-eabi/6.3.1/../../../../arm-atollic-eabi/lib/armv7e-m/softfp\libc_nano.a(lib_a-mlock.o)
                              c:/program files (x86)/atollic/truestudio for stm32 9.0.1/armtools/bin/../lib/gcc/arm-atollic-eabi/6.3.1/../../../../arm-atollic-eabi/lib/armv7e-m/softfp\libc_nano.a(lib_a-nano-freer.o) (__malloc_lock)
c:/program files (x86)/atollic/truestudio for stm32 9.0.1/armtools/bin/../lib/gcc/arm-atollic-eabi/6.3.1/../../../../arm-atollic-eabi/lib/armv7e-m/softfp\libc_nano.a(lib_a-reent.o)
                              c:/program files (x86)/atollic/truestudio for stm32 9.0.1/armtools/bin/../lib/gcc/arm-atollic-eabi/6.3.1/../../../../arm-atollic-eabi/lib/armv7e-m/softfp\libc_nano.a(lib_a-sbrkr.o) (errno)
c:/program files (x86)/atollic/truestudio for stm32 9.0.1/armtools/bin/../lib/gcc/arm-atollic-eabi/6.3.1/armv7e-m/softfp\libgcc.a(_arm_addsubdf3.o)
                              src\tm_stm32f4_timer_properties.o (__aeabi_ui2d)
c:/program files (x86)/atollic/truestudio for stm32 9.0.1/armtools/bin/../lib/gcc/arm-atollic-eabi/6.3.1/armv7e-m/softfp\libgcc.a(_arm_muldivdf3.o)
                              src\tm_stm32f4_timer_properties.o (__aeabi_ddiv)
c:/program files (x86)/atollic/truestudio for stm32 9.0.1/armtools/bin/../lib/gcc/arm-atollic-eabi/6.3.1/armv7e-m/softfp\libgcc.a(_arm_cmpdf2.o)
                              src\tm_stm32f4_timer_properties.o (__aeabi_dcmpeq)
c:/program files (x86)/atollic/truestudio for stm32 9.0.1/armtools/bin/../lib/gcc/arm-atollic-eabi/6.3.1/armv7e-m/softfp\libgcc.a(_arm_fixunsdfsi.o)
                              src\tm_stm32f4_timer_properties.o (__aeabi_d2uiz)
c:/program files (x86)/atollic/truestudio for stm32 9.0.1/armtools/bin/../lib/gcc/arm-atollic-eabi/6.3.1/../../../../arm-atollic-eabi/lib/armv7e-m/softfp\libnosys.a(sbrk.o)
                              c:/program files (x86)/atollic/truestudio for stm32 9.0.1/armtools/bin/../lib/gcc/arm-atollic-eabi/6.3.1/../../../../arm-atollic-eabi/lib/armv7e-m/softfp\libc_nano.a(lib_a-sbrkr.o) (_sbrk)
c:/program files (x86)/atollic/truestudio for stm32 9.0.1/armtools/bin/../lib/gcc/arm-atollic-eabi/6.3.1/../../../../arm-atollic-eabi/lib/armv7e-m/softfp\libnosys.a(write.o)
[...]
Memory Configuration

Name             Origin             Length             Attributes
FLASH            0x08000000         0x00200000         xr
RAM              0x20000000         0x00030000         xrw
MEMORY_B1        0x60000000         0x00000000         xr
CCMRAM           0x10000000         0x00010000         rw
*default*        0x00000000         0xffffffff

Linker script and memory map

LOAD c:/program files (x86)/atollic/truestudio for stm32 9.0.1/armtools/bin/../lib/gcc/arm-atollic-eabi/6.3.1/armv7e-m/softfp/crti.o
LOAD c:/program files (x86)/atollic/truestudio for stm32 9.0.1/armtools/bin/../lib/gcc/arm-atollic-eabi/6.3.1/armv7e-m/softfp/crtbegin.o
LOAD Libraries\STM32F4xx_StdPeriph_Driver\src\misc.o
LOAD Libraries\STM32F4xx_StdPeriph_Driver\src\stm32f4xx_adc.o
LOAD Libraries\STM32F4xx_StdPeriph_Driver\src\stm32f4xx_can.o
LOAD Libraries\STM32F4xx_StdPeriph_Driver\src\stm32f4xx_crc.o
LOAD Libraries\STM32F4xx_StdPeriph_Driver\src\stm32f4xx_cryp.o
LOAD Libraries\STM32F4xx_StdPeriph_Driver\src\stm32f4xx_cryp_aes.o
LOAD Libraries\STM32F4xx_StdPeriph_Driver\src\stm32f4xx_cryp_des.o
LOAD Libraries\STM32F4xx_StdPeriph_Driver\src\stm32f4xx_cryp_tdes.o
LOAD Libraries\STM32F4xx_StdPeriph_Driver\src\stm32f4xx_dac.o
LOAD Libraries\STM32F4xx_StdPeriph_Driver\src\stm32f4xx_dbgmcu.o
LOAD Libraries\STM32F4xx_StdPeriph_Driver\src\stm32f4xx_dcmi.o
LOAD Libraries\STM32F4xx_StdPeriph_Driver\src\stm32f4xx_dma.o
LOAD Libraries\STM32F4xx_StdPeriph_Driver\src\stm32f4xx_dma2d.o
LOAD Libraries\STM32F4xx_StdPeriph_Driver\src\stm32f4xx_exti.o
LOAD Libraries\STM32F4xx_StdPeriph_Driver\src\stm32f4xx_flash.o
LOAD Libraries\STM32F4xx_StdPeriph_Driver\src\stm32f4xx_fmc.o
LOAD Libraries\STM32F4xx_StdPeriph_Driver\src\stm32f4xx_gpio.o
LOAD Libraries\STM32F4xx_StdPeriph_Driver\src\stm32f4xx_hash.o
LOAD Libraries\STM32F4xx_StdPeriph_Driver\src\stm32f4xx_hash_md5.o
LOAD Libraries\STM32F4xx_StdPeriph_Driver\src\stm32f4xx_hash_sha1.o
LOAD Libraries\STM32F4xx_StdPeriph_Driver\src\stm32f4xx_i2c.o
LOAD Libraries\STM32F4xx_StdPeriph_Driver\src\stm32f4xx_iwdg.o
LOAD Libraries\STM32F4xx_StdPeriph_Driver\src\stm32f4xx_ltdc.o
LOAD Libraries\STM32F4xx_StdPeriph_Driver\src\stm32f4xx_pwr.o
LOAD Libraries\STM32F4xx_StdPeriph_Driver\src\stm32f4xx_rcc.o
LOAD Libraries\STM32F4xx_StdPeriph_Driver\src\stm32f4xx_rng.o
LOAD Libraries\STM32F4xx_StdPeriph_Driver\src\stm32f4xx_rtc.o
LOAD Libraries\STM32F4xx_StdPeriph_Driver\src\stm32f4xx_sai.o
LOAD Libraries\STM32F4xx_StdPeriph_Driver\src\stm32f4xx_sdio.o
LOAD Libraries\STM32F4xx_StdPeriph_Driver\src\stm32f4xx_spi.o
LOAD Libraries\STM32F4xx_StdPeriph_Driver\src\stm32f4xx_syscfg.o
LOAD Libraries\STM32F4xx_StdPeriph_Driver\src\stm32f4xx_tim.o
LOAD Libraries\STM32F4xx_StdPeriph_Driver\src\stm32f4xx_usart.o
LOAD Libraries\STM32F4xx_StdPeriph_Driver\src\stm32f4xx_wwdg.o
LOAD Utilities\Common\fonts.o
LOAD Utilities\Common\lcd_log.o
LOAD Utilities\STM32F429I-Discovery\stm32f429i_discovery.o
LOAD Utilities\STM32F429I-Discovery\stm32f429i_discovery_ioe.o
LOAD Utilities\STM32F429I-Discovery\stm32f429i_discovery_l3gd20.o
LOAD Utilities\STM32F429I-Discovery\stm32f429i_discovery_lcd.o
LOAD Utilities\STM32F429I-Discovery\stm32f429i_discovery_sdram.o
LOAD src\main.o
LOAD src\startup_stm32f429_439xx.o
LOAD src\stm32f4xx_it.o
LOAD src\system_stm32f4xx.o
LOAD src\tiny_printf.o
LOAD src\tm_stm32f4_delay.o
LOAD src\tm_stm32f4_disco.o
LOAD src\tm_stm32f4_gpio.o
LOAD src\tm_stm32f4_timer_properties.o
LOAD src\usb_hid_device\tm_stm32f4_usb_hid_device.o
LOAD src\usb_hid_device\usb_bsp.o
LOAD src\usb_hid_device\usb_core.o
LOAD src\usb_hid_device\usb_dcd.o
LOAD src\usb_hid_device\usb_dcd_int.o
LOAD src\usb_hid_device\usbd_core.o
LOAD src\usb_hid_device\usbd_desc.o
LOAD src\usb_hid_device\usbd_hid_core.o
LOAD src\usb_hid_device\usbd_ioreq.o
LOAD src\usb_hid_device\usbd_req.o
LOAD src\usb_hid_device\usbd_usr.o
                0x00000080                malloc_getpagesize_P = 0x80
START GROUP
LOAD c:/program files (x86)/atollic/truestudio for stm32 9.0.1/armtools/bin/../lib/gcc/arm-atollic-eabi/6.3.1/../../../../arm-atollic-eabi/lib/armv7e-m/softfp\libc_nano.a
LOAD c:/program files (x86)/atollic/truestudio for stm32 9.0.1/armtools/bin/../lib/gcc/arm-atollic-eabi/6.3.1/../../../../arm-atollic-eabi/lib/armv7e-m/softfp\libm.a
END GROUP
START GROUP
LOAD c:/program files (x86)/atollic/truestudio for stm32 9.0.1/armtools/bin/../lib/gcc/arm-atollic-eabi/6.3.1/armv7e-m/softfp\libgcc.a
LOAD c:/program files (x86)/atollic/truestudio for stm32 9.0.1/armtools/bin/../lib/gcc/arm-atollic-eabi/6.3.1/../../../../arm-atollic-eabi/lib/armv7e-m/softfp\libc_nano.a
END GROUP
START GROUP
LOAD c:/program files (x86)/atollic/truestudio for stm32 9.0.1/armtools/bin/../lib/gcc/arm-atollic-eabi/6.3.1/armv7e-m/softfp\libgcc.a
LOAD c:/program files (x86)/atollic/truestudio for stm32 9.0.1/armtools/bin/../lib/gcc/arm-atollic-eabi/6.3.1/../../../../arm-atollic-eabi/lib/armv7e-m/softfp\libc_nano.a
LOAD c:/program files (x86)/atollic/truestudio for stm32 9.0.1/armtools/bin/../lib/gcc/arm-atollic-eabi/6.3.1/../../../../arm-atollic-eabi/lib/armv7e-m/softfp\libnosys.a
END GROUP
START GROUP
LOAD c:/program files (x86)/atollic/truestudio for stm32 9.0.1/armtools/bin/../lib/gcc/arm-atollic-eabi/6.3.1/armv7e-m/softfp\libgcc.a
LOAD c:/program files (x86)/atollic/truestudio for stm32 9.0.1/armtools/bin/../lib/gcc/arm-atollic-eabi/6.3.1/../../../../arm-atollic-eabi/lib/armv7e-m/softfp\libc_nano.a
LOAD c:/program files (x86)/atollic/truestudio for stm32 9.0.1/armtools/bin/../lib/gcc/arm-atollic-eabi/6.3.1/../../../../arm-atollic-eabi/lib/armv7e-m/softfp\libnosys.a
END GROUP
LOAD c:/program files (x86)/atollic/truestudio for stm32 9.0.1/armtools/bin/../lib/gcc/arm-atollic-eabi/6.3.1/armv7e-m/softfp/crtend.o
LOAD c:/program files (x86)/atollic/truestudio for stm32 9.0.1/armtools/bin/../lib/gcc/arm-atollic-eabi/6.3.1/armv7e-m/softfp/crtn.o
                0x20030000                _estack = 0x20030000
                0x00000000                _Min_Heap_Size = 0x0
                0x00000400                _Min_Stack_Size = 0x400

.isr_vector     0x08000000      0x1ac
                0x08000000                . = ALIGN (0x4)
 *(.isr_vector)
 .isr_vector    0x08000000      0x1ac src\startup_stm32f429_439xx.o
                0x08000000                g_pfnVectors
                0x080001ac                . = ALIGN (0x4)

.text           0x080001ac     0x7df8
                0x080001ac                . = ALIGN (0x4)
 *(.text)
 .text          0x080001ac       0x40 c:/program files (x86)/atollic/truestudio for stm32 9.0.1/armtools/bin/../lib/gcc/arm-atollic-eabi/6.3.1/armv7e-m/softfp/crtbegin.o
 .text          0x080001ec       0x10 c:/program files (x86)/atollic/truestudio for stm32 9.0.1/armtools/bin/../lib/gcc/arm-atollic-eabi/6.3.1/../../../../arm-atollic-eabi/lib/armv7e-m/softfp\libc_nano.a(lib_a-strlen.o)
                0x080001ec                strlen
 *(.text*)
 .text.NVIC_PriorityGroupConfig
                0x080001fc       0x28 Libraries\STM32F4xx_StdPeriph_Driver\src\misc.o
                0x080001fc                NVIC_PriorityGroupConfig
 .text.NVIC_Init
                0x08000224       0xc4 Libraries\STM32F4xx_StdPeriph_Driver\src\misc.o
                0x08000224                NVIC_Init
 .text.DMA2D_DeInit
                0x080002e8       0x1c Libraries\STM32F4xx_StdPeriph_Driver\src\stm32f4xx_dma2d.o
                0x080002e8                DMA2D_DeInit
 .text.DMA2D_Init
                0x08000304      0x160 Libraries\STM32F4xx_StdPeriph_Driver\src\stm32f4xx_dma2d.o
                0x08000304                DMA2D_Init
 .text.DMA2D_StartTransfer
                0x08000464       0x20 Libraries\STM32F4xx_StdPeriph_Driver\src\stm32f4xx_dma2d.o
                0x08000464                DMA2D_StartTransfer
 .text.DMA2D_GetFlagStatus
                0x08000484       0x34 Libraries\STM32F4xx_StdPeriph_Driver\src\stm32f4xx_dma2d.o
                0x08000484                DMA2D_GetFlagStatus
 .text.EXTI_Init
                0x080004b8       0xe4 Libraries\STM32F4xx_StdPeriph_Driver\src\stm32f4xx_exti.o
                0x080004b8                EXTI_Init
 .text.EXTI_ClearITPendingBit
                0x0800059c       0x20 Libraries\STM32F4xx_StdPeriph_Driver\src\stm32f4xx_exti.o
                0x0800059c                EXTI_ClearITPendingBit
 .text.FMC_SDRAMInit
                0x080005bc      0x15c Libraries\STM32F4xx_StdPeriph_Driver\src\stm32f4xx_fmc.o
                0x080005bc                FMC_SDRAMInit
 .text.FMC_SDRAMCmdConfig
                0x08000718       0x40 Libraries\STM32F4xx_StdPeriph_Driver\src\stm32f4xx_fmc.o
                0x08000718                FMC_SDRAMCmdConfig
 .text.FMC_SetRefreshCount
                0x08000758       0x28 Libraries\STM32F4xx_StdPeriph_Driver\src\stm32f4xx_fmc.o
                0x08000758                FMC_SetRefreshCount
 .text.FMC_GetFlagStatus
                0x08000780       0x7c Libraries\STM32F4xx_StdPeriph_Driver\src\stm32f4xx_fmc.o
                0x08000780                FMC_GetFlagStatus
 .text.GPIO_Init
                0x080007fc      0x11c Libraries\STM32F4xx_StdPeriph_Driver\src\stm32f4xx_gpio.o
                0x080007fc                GPIO_Init
 .text.GPIO_SetBits
                0x08000918       0x1e Libraries\STM32F4xx_StdPeriph_Driver\src\stm32f4xx_gpio.o
                0x08000918                GPIO_SetBits
 .text.GPIO_ResetBits
                0x08000936       0x1e Libraries\STM32F4xx_StdPeriph_Driver\src\stm32f4xx_gpio.o
                0x08000936                GPIO_ResetBits
 .text.GPIO_WriteBit
                0x08000954       0x30 Libraries\STM32F4xx_StdPeriph_Driver\src\stm32f4xx_gpio.o
                0x08000954                GPIO_WriteBit
 .text.GPIO_PinAFConfig
                0x08000984       0x92 Libraries\STM32F4xx_StdPeriph_Driver\src\stm32f4xx_gpio.o
                0x08000984                GPIO_PinAFConfig
 *fill*         0x08000a16        0x2 
 .text.I2C_DeInit
                0x08000a18       0x74 Libraries\STM32F4xx_StdPeriph_Driver\src\stm32f4xx_i2c.o
                0x08000a18                I2C_DeInit
 .text.I2C_Init
                0x08000a8c      0x184 Libraries\STM32F4xx_StdPeriph_Driver\src\stm32f4xx_i2c.o
                0x08000a8c                I2C_Init
 .text.I2C_Cmd  0x08000c10       0x40 Libraries\STM32F4xx_StdPeriph_Driver\src\stm32f4xx_i2c.o
                0x08000c10                I2C_Cmd
 .text.I2C_GenerateSTART
                0x08000c50       0x40 Libraries\STM32F4xx_StdPeriph_Driver\src\stm32f4xx_i2c.o
                0x08000c50                I2C_GenerateSTART
 .text.I2C_GenerateSTOP
                0x08000c90       0x40 Libraries\STM32F4xx_StdPeriph_Driver\src\stm32f4xx_i2c.o
                0x08000c90                I2C_GenerateSTOP
 .text.I2C_Send7bitAddress
                0x08000cd0       0x3c Libraries\STM32F4xx_StdPeriph_Driver\src\stm32f4xx_i2c.o
                0x08000cd0                I2C_Send7bitAddress
 .text.I2C_AcknowledgeConfig
                0x08000d0c       0x40 Libraries\STM32F4xx_StdPeriph_Driver\src\stm32f4xx_i2c.o
                0x08000d0c                I2C_AcknowledgeConfig
 .text.I2C_SoftwareResetCmd
                0x08000d4c       0x44 Libraries\STM32F4xx_StdPeriph_Driver\src\stm32f4xx_i2c.o
                0x08000d4c                I2C_SoftwareResetCmd
 .text.I2C_NACKPositionConfig
                0x08000d90       0x42 Libraries\STM32F4xx_StdPeriph_Driver\src\stm32f4xx_i2c.o
                0x08000d90                I2C_NACKPositionConfig
 .text.I2C_SendData
                0x08000dd2       0x20 Libraries\STM32F4xx_StdPeriph_Driver\src\stm32f4xx_i2c.o
                0x08000dd2                I2C_SendData
 .text.I2C_ReceiveData
                0x08000df2       0x1c Libraries\STM32F4xx_StdPeriph_Driver\src\stm32f4xx_i2c.o
                0x08000df2                I2C_ReceiveData
 .text.I2C_GetFlagStatus
                0x08000e0e       0x66 Libraries\STM32F4xx_StdPeriph_Driver\src\stm32f4xx_i2c.o
                0x08000e0e                I2C_GetFlagStatus
 .text.LTDC_Init
                0x08000e74      0x130 Libraries\STM32F4xx_StdPeriph_Driver\src\stm32f4xx_ltdc.o
                0x08000e74                LTDC_Init
 .text.LTDC_Cmd
                0x08000fa4       0x3c Libraries\STM32F4xx_StdPeriph_Driver\src\stm32f4xx_ltdc.o
                0x08000fa4                LTDC_Cmd
 .text.LTDC_DitherCmd
                0x08000fe0       0x3c Libraries\STM32F4xx_StdPeriph_Driver\src\stm32f4xx_ltdc.o
                0x08000fe0                LTDC_DitherCmd
 .text.LTDC_ReloadConfig
                0x0800101c       0x20 Libraries\STM32F4xx_StdPeriph_Driver\src\stm32f4xx_ltdc.o
                0x0800101c                LTDC_ReloadConfig
 .text.LTDC_LayerInit
                0x0800103c      0x134 Libraries\STM32F4xx_StdPeriph_Driver\src\stm32f4xx_ltdc.o
                0x0800103c                LTDC_LayerInit
 .text.LTDC_LayerCmd
                0x08001170       0x38 Libraries\STM32F4xx_StdPeriph_Driver\src\stm32f4xx_ltdc.o
                0x08001170                LTDC_LayerCmd
 .text.RCC_HSEConfig
                0x080011a8       0x28 Libraries\STM32F4xx_StdPeriph_Driver\src\stm32f4xx_rcc.o
                0x080011a8                RCC_HSEConfig
 .text.RCC_PLLCmd
                0x080011d0       0x20 Libraries\STM32F4xx_StdPeriph_Driver\src\stm32f4xx_rcc.o
                0x080011d0                RCC_PLLCmd
 .text.RCC_PLLSAIConfig
                0x080011f0       0x34 Libraries\STM32F4xx_StdPeriph_Driver\src\stm32f4xx_rcc.o
                0x080011f0                RCC_PLLSAIConfig
 .text.RCC_PLLSAICmd
                0x08001224       0x20 Libraries\STM32F4xx_StdPeriph_Driver\src\stm32f4xx_rcc.o
                0x08001224                RCC_PLLSAICmd
 .text.RCC_SYSCLKConfig
                0x08001244       0x38 Libraries\STM32F4xx_StdPeriph_Driver\src\stm32f4xx_rcc.o
                0x08001244                RCC_SYSCLKConfig
 .text.RCC_GetSYSCLKSource
                0x0800127c       0x20 Libraries\STM32F4xx_StdPeriph_Driver\src\stm32f4xx_rcc.o
                0x0800127c                RCC_GetSYSCLKSource
 .text.RCC_GetClocksFreq
                0x0800129c      0x150 Libraries\STM32F4xx_StdPeriph_Driver\src\stm32f4xx_rcc.o
                0x0800129c                RCC_GetClocksFreq
 .text.RCC_LTDCCLKDivConfig
                0x080013ec       0x3c Libraries\STM32F4xx_StdPeriph_Driver\src\stm32f4xx_rcc.o
                0x080013ec                RCC_LTDCCLKDivConfig
 .text.RCC_AHB1PeriphClockCmd
                0x08001428       0x40 Libraries\STM32F4xx_StdPeriph_Driver\src\stm32f4xx_rcc.o
                0x08001428                RCC_AHB1PeriphClockCmd
 .text.RCC_AHB3PeriphClockCmd
                0x08001468       0x40 Libraries\STM32F4xx_StdPeriph_Driver\src\stm32f4xx_rcc.o
                0x08001468                RCC_AHB3PeriphClockCmd
 .text.RCC_APB1PeriphClockCmd
                0x080014a8       0x40 Libraries\STM32F4xx_StdPeriph_Driver\src\stm32f4xx_rcc.o
                0x080014a8                RCC_APB1PeriphClockCmd
 .text.RCC_APB2PeriphClockCmd
                0x080014e8       0x40 Libraries\STM32F4xx_StdPeriph_Driver\src\stm32f4xx_rcc.o
                0x080014e8                RCC_APB2PeriphClockCmd
 .text.RCC_AHB1PeriphResetCmd
                0x08001528       0x40 Libraries\STM32F4xx_StdPeriph_Driver\src\stm32f4xx_rcc.o
                0x08001528                RCC_AHB1PeriphResetCmd
 .text.RCC_APB1PeriphResetCmd
                0x08001568       0x40 Libraries\STM32F4xx_StdPeriph_Driver\src\stm32f4xx_rcc.o
                0x08001568                RCC_APB1PeriphResetCmd
 .text.RCC_APB2PeriphResetCmd
                0x080015a8       0x40 Libraries\STM32F4xx_StdPeriph_Driver\src\stm32f4xx_rcc.o
                0x080015a8                RCC_APB2PeriphResetCmd
 .text.RCC_GetFlagStatus
                0x080015e8       0x74 Libraries\STM32F4xx_StdPeriph_Driver\src\stm32f4xx_rcc.o
                0x080015e8                RCC_GetFlagStatus
 .text.SPI_I2S_DeInit
                0x0800165c       0xdc Libraries\STM32F4xx_StdPeriph_Driver\src\stm32f4xx_spi.o
                0x0800165c                SPI_I2S_DeInit
 .text.SPI_Init
                0x08001738       0x88 Libraries\STM32F4xx_StdPeriph_Driver\src\stm32f4xx_spi.o
                0x08001738                SPI_Init
 .text.SPI_Cmd  0x080017c0       0x40 Libraries\STM32F4xx_StdPeriph_Driver\src\stm32f4xx_spi.o
                0x080017c0                SPI_Cmd
 .text.SPI_I2S_SendData
                0x08001800       0x1e Libraries\STM32F4xx_StdPeriph_Driver\src\stm32f4xx_spi.o
                0x08001800                SPI_I2S_SendData
 .text.SPI_I2S_GetFlagStatus
                0x0800181e       0x38 Libraries\STM32F4xx_StdPeriph_Driver\src\stm32f4xx_spi.o
                0x0800181e                SPI_I2S_GetFlagStatus
 .text.IOE_Config
                0x08001856       0x30 Utilities\STM32F429I-Discovery\stm32f429i_discovery_ioe.o
                0x08001856                IOE_Config
 *fill*         0x08001886        0x2 
 .text.IOE_TP_GetState
                0x08001888       0xcc Utilities\STM32F429I-Discovery\stm32f429i_discovery_ioe.o
                0x08001888                IOE_TP_GetState
 .text.IOE_IsOperational
                0x08001954       0x34 Utilities\STM32F429I-Discovery\stm32f429i_discovery_ioe.o
                0x08001954                IOE_IsOperational
 .text.IOE_Reset
                0x08001988       0x20 Utilities\STM32F429I-Discovery\stm32f429i_discovery_ioe.o
                0x08001988                IOE_Reset
 .text.IOE_ReadID
                0x080019a8       0x34 Utilities\STM32F429I-Discovery\stm32f429i_discovery_ioe.o
                0x080019a8                IOE_ReadID
 .text.IOE_FnctCmd
                0x080019dc       0x54 Utilities\STM32F429I-Discovery\stm32f429i_discovery_ioe.o
                0x080019dc                IOE_FnctCmd
 .text.IOE_TP_Config
                0x08001a30       0x94 Utilities\STM32F429I-Discovery\stm32f429i_discovery_ioe.o
                0x08001a30                IOE_TP_Config
 .text.IOE_IOAFConfig
                0x08001ac4       0x54 Utilities\STM32F429I-Discovery\stm32f429i_discovery_ioe.o
                0x08001ac4                IOE_IOAFConfig
 .text.IOE_TP_Read_X
                0x08001b18       0x68 Utilities\STM32F429I-Discovery\stm32f429i_discovery_ioe.o
 .text.IOE_TP_Read_Y
                0x08001b80       0x54 Utilities\STM32F429I-Discovery\stm32f429i_discovery_ioe.o
 .text.IOE_TP_Read_Z
                0x08001bd4       0x26 Utilities\STM32F429I-Discovery\stm32f429i_discovery_ioe.o
 *fill*         0x08001bfa        0x2 
 .text.IOE_GPIO_Config
                0x08001bfc       0x8c Utilities\STM32F429I-Discovery\stm32f429i_discovery_ioe.o
 .text.IOE_I2C_Config
                0x08001c88       0x48 Utilities\STM32F429I-Discovery\stm32f429i_discovery_ioe.o
 .text.I2C_WriteDeviceRegister
                0x08001cd0      0x160 Utilities\STM32F429I-Discovery\stm32f429i_discovery_ioe.o
                0x08001cd0                I2C_WriteDeviceRegister
 .text.I2C_ReadDeviceRegister
                0x08001e30      0x1dc Utilities\STM32F429I-Discovery\stm32f429i_discovery_ioe.o
                0x08001e30                I2C_ReadDeviceRegister
 .text.I2C_ReadDataBuffer
                0x0800200c      0x1d8 Utilities\STM32F429I-Discovery\stm32f429i_discovery_ioe.o
                0x0800200c                I2C_ReadDataBuffer
 .text.IOE_TimeoutUserCallback
                0x080021e4       0x6c Utilities\STM32F429I-Discovery\stm32f429i_discovery_ioe.o
                0x080021e4                IOE_TimeoutUserCallback
 .text.delay    0x08002250       0x34 Utilities\STM32F429I-Discovery\stm32f429i_discovery_ioe.o
 .text.LCD_Init
                0x08002284       0xe4 Utilities\STM32F429I-Discovery\stm32f429i_discovery_lcd.o
                0x08002284                LCD_Init
 .text.LCD_LayerInit
                0x08002368       0xb8 Utilities\STM32F429I-Discovery\stm32f429i_discovery_lcd.o
                0x08002368                LCD_LayerInit
 .text.LCD_ChipSelect
                0x08002420       0x30 Utilities\STM32F429I-Discovery\stm32f429i_discovery_lcd.o
                0x08002420                LCD_ChipSelect
 .text.LCD_SetLayer
                0x08002450       0x44 Utilities\STM32F429I-Discovery\stm32f429i_discovery_lcd.o
                0x08002450                LCD_SetLayer
 .text.LCD_SetTextColor
                0x08002494       0x24 Utilities\STM32F429I-Discovery\stm32f429i_discovery_lcd.o
                0x08002494                LCD_SetTextColor
 .text.LCD_SetBackColor
                0x080024b8       0x24 Utilities\STM32F429I-Discovery\stm32f429i_discovery_lcd.o
                0x080024b8                LCD_SetBackColor
 .text.LCD_SetFont
                0x080024dc       0x20 Utilities\STM32F429I-Discovery\stm32f429i_discovery_lcd.o
                0x080024dc                LCD_SetFont
 .text.LCD_GetFont
                0x080024fc       0x18 Utilities\STM32F429I-Discovery\stm32f429i_discovery_lcd.o
                0x080024fc                LCD_GetFont
 .text.LCD_Clear
                0x08002514       0x44 Utilities\STM32F429I-Discovery\stm32f429i_discovery_lcd.o
                0x08002514                LCD_Clear
 .text.LCD_DrawChar
                0x08002558      0x128 Utilities\STM32F429I-Discovery\stm32f429i_discovery_lcd.o
                0x08002558                LCD_DrawChar
 .text.LCD_DisplayChar
                0x08002680       0x44 Utilities\STM32F429I-Discovery\stm32f429i_discovery_lcd.o
                0x08002680                LCD_DisplayChar
 .text.LCD_DisplayStringLine
                0x080026c4       0x78 Utilities\STM32F429I-Discovery\stm32f429i_discovery_lcd.o
                0x080026c4                LCD_DisplayStringLine
 .text.LCD_DrawFullRect
                0x0800273c       0xd4 Utilities\STM32F429I-Discovery\stm32f429i_discovery_lcd.o
                0x0800273c                LCD_DrawFullRect
 .text.LCD_WriteCommand
                0x08002810       0x54 Utilities\STM32F429I-Discovery\stm32f429i_discovery_lcd.o
                0x08002810                LCD_WriteCommand
 .text.LCD_WriteData
                0x08002864       0x54 Utilities\STM32F429I-Discovery\stm32f429i_discovery_lcd.o
                0x08002864                LCD_WriteData
 .text.LCD_PowerOn
                0x080028b8      0x290 Utilities\STM32F429I-Discovery\stm32f429i_discovery_lcd.o
                0x080028b8                LCD_PowerOn
 .text.LCD_CtrlLinesConfig
                0x08002b48       0x44 Utilities\STM32F429I-Discovery\stm32f429i_discovery_lcd.o
                0x08002b48                LCD_CtrlLinesConfig
 .text.LCD_CtrlLinesWrite
                0x08002b8c       0x24 Utilities\STM32F429I-Discovery\stm32f429i_discovery_lcd.o
                0x08002b8c                LCD_CtrlLinesWrite
 .text.LCD_SPIConfig
                0x08002bb0       0xc8 Utilities\STM32F429I-Discovery\stm32f429i_discovery_lcd.o
                0x08002bb0                LCD_SPIConfig
 .text.LCD_AF_GPIOConfig
                0x08002c78      0x178 Utilities\STM32F429I-Discovery\stm32f429i_discovery_lcd.o
 .text.delay    0x08002df0       0x2a Utilities\STM32F429I-Discovery\stm32f429i_discovery_lcd.o
 .text.SDRAM_Init
                0x08002e1a       0x76 Utilities\STM32F429I-Discovery\stm32f429i_discovery_sdram.o
                0x08002e1a                SDRAM_Init
 .text.SDRAM_GPIOConfig
                0x08002e90      0x218 Utilities\STM32F429I-Discovery\stm32f429i_discovery_sdram.o
                0x08002e90                SDRAM_GPIOConfig
 .text.SDRAM_InitSequence
                0x080030a8       0xee Utilities\STM32F429I-Discovery\stm32f429i_discovery_sdram.o
                0x080030a8                SDRAM_InitSequence
 *fill*         0x08003196        0x2 
 .text.delay    0x08003198       0x34 Utilities\STM32F429I-Discovery\stm32f429i_discovery_sdram.o
 .text.Delayms  0x080031cc       0x58 src\main.o
 .text.main     0x08003224      0x9a0 src\main.o
                0x08003224                main
 .text.intToHexString
                0x08003bc4      0x114 src\main.o
                0x08003bc4                intToHexString
 .text.TP_Config
                0x08003cd8      0x164 src\main.o
 .text.Reset_Handler
                0x08003e3c       0x48 src\startup_stm32f429_439xx.o
                0x08003e3c                Reset_Handler
 .text.Default_Handler
                0x08003e84        0x2 src\startup_stm32f429_439xx.o
                0x08003e84                RTC_Alarm_IRQHandler
                0x08003e84                HASH_RNG_IRQHandler
                0x08003e84                EXTI2_IRQHandler
                0x08003e84                TIM8_CC_IRQHandler
                0x08003e84                UART8_IRQHandler
                0x08003e84                SPI4_IRQHandler
                0x08003e84                TIM1_CC_IRQHandler
                0x08003e84                DMA2_Stream5_IRQHandler
                0x08003e84                DMA1_Stream5_IRQHandler
                0x08003e84                PVD_IRQHandler
                0x08003e84                SDIO_IRQHandler
                0x08003e84                TAMP_STAMP_IRQHandler
                0x08003e84                CAN2_RX1_IRQHandler
                0x08003e84                EXTI3_IRQHandler
                0x08003e84                TIM8_TRG_COM_TIM14_IRQHandler
                0x08003e84                TIM1_UP_TIM10_IRQHandler
                0x08003e84                TIM8_UP_TIM13_IRQHandler
                0x08003e84                I2C3_ER_IRQHandler
                0x08003e84                EXTI0_IRQHandler
                0x08003e84                I2C2_EV_IRQHandler
                0x08003e84                DMA1_Stream2_IRQHandler
                0x08003e84                CAN1_RX0_IRQHandler
                0x08003e84                FPU_IRQHandler
                0x08003e84                LTDC_ER_IRQHandler
                0x08003e84                CAN2_SCE_IRQHandler
                0x08003e84                DMA2_Stream2_IRQHandler
                0x08003e84                SPI1_IRQHandler
                0x08003e84                TIM6_DAC_IRQHandler
                0x08003e84                TIM1_BRK_TIM9_IRQHandler
                0x08003e84                DCMI_IRQHandler
                0x08003e84                CAN2_RX0_IRQHandler
                0x08003e84                DMA2_Stream3_IRQHandler
                0x08003e84                USART6_IRQHandler
                0x08003e84                USART3_IRQHandler
                0x08003e84                CRYP_IRQHandler
                0x08003e84                CAN1_RX1_IRQHandler
                0x08003e84                UART5_IRQHandler
                0x08003e84                DMA2_Stream0_IRQHandler
                0x08003e84                TIM4_IRQHandler
                0x08003e84                I2C1_EV_IRQHandler
                0x08003e84                DMA1_Stream6_IRQHandler
                0x08003e84                DMA1_Stream1_IRQHandler
                0x08003e84                UART4_IRQHandler
                0x08003e84                TIM3_IRQHandler
                0x08003e84                RCC_IRQHandler
                0x08003e84                TIM8_BRK_TIM12_IRQHandler
                0x08003e84                Default_Handler
                0x08003e84                EXTI15_10_IRQHandler
                0x08003e84                ADC_IRQHandler
                0x08003e84                DMA1_Stream7_IRQHandler
                0x08003e84                SPI5_IRQHandler
                0x08003e84                TIM7_IRQHandler
                0x08003e84                CAN2_TX_IRQHandler
                0x08003e84                TIM5_IRQHandler
                0x08003e84                DMA2_Stream7_IRQHandler
                0x08003e84                I2C3_EV_IRQHandler
                0x08003e84                EXTI9_5_IRQHandler
                0x08003e84                RTC_WKUP_IRQHandler
                0x08003e84                LTDC_IRQHandler
                0x08003e84                ETH_WKUP_IRQHandler
                0x08003e84                SPI2_IRQHandler
                0x08003e84                DMA1_Stream0_IRQHandler
                0x08003e84                CAN1_TX_IRQHandler
                0x08003e84                EXTI4_IRQHandler
                0x08003e84                FSMC_IRQHandler
                0x08003e84                ETH_IRQHandler
                0x08003e84                WWDG_IRQHandler
                0x08003e84                SPI6_IRQHandler
                0x08003e84                TIM2_IRQHandler
                0x08003e84                OTG_FS_WKUP_IRQHandler
                0x08003e84                TIM1_TRG_COM_TIM11_IRQHandler
                0x08003e84                DMA2D_IRQHandler
                0x08003e84                EXTI1_IRQHandler
                0x08003e84                UART7_IRQHandler
                0x08003e84                USART2_IRQHandler
                0x08003e84                I2C2_ER_IRQHandler
                0x08003e84                DMA2_Stream1_IRQHandler
                0x08003e84                CAN1_SCE_IRQHandler
                0x08003e84                FLASH_IRQHandler
                0x08003e84                DMA2_Stream4_IRQHandler
                0x08003e84                USART1_IRQHandler
                0x08003e84                OTG_FS_IRQHandler
                0x08003e84                SPI3_IRQHandler
                0x08003e84                DMA1_Stream4_IRQHandler
                0x08003e84                I2C1_ER_IRQHandler
                0x08003e84                DMA2_Stream6_IRQHandler
                0x08003e84                SAI1_IRQHandler
                0x08003e84                DMA1_Stream3_IRQHandler
 .text.NMI_Handler
                0x08003e86        0xe src\stm32f4xx_it.o
                0x08003e86                NMI_Handler
 .text.HardFault_Handler
                0x08003e94        0x6 src\stm32f4xx_it.o
                0x08003e94                HardFault_Handler
 .text.MemManage_Handler
                0x08003e9a        0x6 src\stm32f4xx_it.o
                0x08003e9a                MemManage_Handler
 .text.BusFault_Handler
                0x08003ea0        0x6 src\stm32f4xx_it.o
                0x08003ea0                BusFault_Handler
 .text.UsageFault_Handler
                0x08003ea6        0x6 src\stm32f4xx_it.o
                0x08003ea6                UsageFault_Handler
 .text.SVC_Handler
                0x08003eac        0xe src\stm32f4xx_it.o
                0x08003eac                SVC_Handler
 .text.DebugMon_Handler
                0x08003eba        0xe src\stm32f4xx_it.o
                0x08003eba                DebugMon_Handler
 .text.PendSV_Handler
                0x08003ec8        0xe src\stm32f4xx_it.o
                0x08003ec8                PendSV_Handler
 *fill*         0x08003ed6        0x2 
 .text.SystemInit
                0x08003ed8       0x6c src\system_stm32f4xx.o
                0x08003ed8                SystemInit
 .text.SetSysClock
                0x08003f44      0x12c src\system_stm32f4xx.o
 .text.NVIC_SetPriority
                0x08004070       0x54 src\tm_stm32f4_delay.o
 .text.SysTick_Config
                0x080040c4       0x44 src\tm_stm32f4_delay.o
 .text.SysTick_Handler
                0x08004108       0xf0 src\tm_stm32f4_delay.o
                0x08004108                SysTick_Handler
 .text.TM_DELAY_Init
                0x080041f8       0x50 src\tm_stm32f4_delay.o
                0x080041f8                TM_DELAY_Init
 .text.TM_DISCO_LedInit
                0x08004248       0x30 src\tm_stm32f4_disco.o
                0x08004248                TM_DISCO_LedInit
 .text.TM_DISCO_ButtonInit
                0x08004278       0x24 src\tm_stm32f4_disco.o
                0x08004278                TM_DISCO_ButtonInit
 .text.TM_GPIO_Init
                0x0800429c       0x46 src\tm_stm32f4_gpio.o
                0x0800429c                TM_GPIO_Init
 .text.TM_GPIO_GetPortSource
                0x080042e2       0x22 src\tm_stm32f4_gpio.o
                0x080042e2                TM_GPIO_GetPortSource
 .text.TM_GPIO_INT_EnableClock
                0x08004304       0x30 src\tm_stm32f4_gpio.o
                0x08004304                TM_GPIO_INT_EnableClock
 .text.TM_GPIO_INT_Init
                0x08004334      0x10c src\tm_stm32f4_gpio.o
                0x08004334                TM_GPIO_INT_Init
 .text.TM_USB_HIDDEVICE_Init
                0x08004440       0x3c src\usb_hid_device\tm_stm32f4_usb_hid_device.o
                0x08004440                TM_USB_HIDDEVICE_Init
 .text.TM_USB_HIDDEVICE_GetStatus
                0x0800447c       0x18 src\usb_hid_device\tm_stm32f4_usb_hid_device.o
                0x0800447c                TM_USB_HIDDEVICE_GetStatus
 .text.TM_USB_HIDDEVICE_MouseStructInit
                0x08004494       0x40 src\usb_hid_device\tm_stm32f4_usb_hid_device.o
                0x08004494                TM_USB_HIDDEVICE_MouseStructInit
 .text.TM_USB_HIDDEVICE_MouseSend
                0x080044d4       0x80 src\usb_hid_device\tm_stm32f4_usb_hid_device.o
                0x080044d4                TM_USB_HIDDEVICE_MouseSend
 .text.USB_OTG_BSP_Init
                0x08004554       0xfc src\usb_hid_device\usb_bsp.o
                0x08004554                USB_OTG_BSP_Init
 .text.USB_OTG_BSP_EnableInterrupt
                0x08004650       0x76 src\usb_hid_device\usb_bsp.o
                0x08004650                USB_OTG_BSP_EnableInterrupt
 *fill*         0x080046c6        0x2 
 .text.USB_OTG_BSP_uDelay
                0x080046c8       0x48 src\usb_hid_device\usb_bsp.o
                0x080046c8                USB_OTG_BSP_uDelay
 .text.USB_OTG_BSP_mDelay
                0x08004710       0x20 src\usb_hid_device\usb_bsp.o
                0x08004710                USB_OTG_BSP_mDelay
 .text.OTG_HS_WKUP_IRQHandler
                0x08004730       0x6c src\usb_hid_device\usb_bsp.o
                0x08004730                OTG_HS_WKUP_IRQHandler
 .text.OTG_HS_IRQHandler
                0x0800479c       0x14 src\usb_hid_device\usb_bsp.o
                0x0800479c                OTG_HS_IRQHandler
 .text.OTG_HS_EP1_IN_IRQHandler
                0x080047b0       0x14 src\usb_hid_device\usb_bsp.o
                0x080047b0                OTG_HS_EP1_IN_IRQHandler
 .text.OTG_HS_EP1_OUT_IRQHandler
                0x080047c4       0x14 src\usb_hid_device\usb_bsp.o
                0x080047c4                OTG_HS_EP1_OUT_IRQHandler
 .text.USB_OTG_EnableCommonInt
                0x080047d8       0x44 src\usb_hid_device\usb_core.o
 .text.USB_OTG_CoreReset
                0x0800481c       0x90 src\usb_hid_device\usb_core.o
 .text.USB_OTG_WritePacket
                0x080048ac       0x76 src\usb_hid_device\usb_core.o
                0x080048ac                USB_OTG_WritePacket
 .text.USB_OTG_ReadPacket
                0x08004922       0x58 src\usb_hid_device\usb_core.o
                0x08004922                USB_OTG_ReadPacket
 *fill*         0x0800497a        0x2 
 .text.USB_OTG_SelectCore
                0x0800497c      0x188 src\usb_hid_device\usb_core.o
                0x0800497c                USB_OTG_SelectCore
 .text.USB_OTG_CoreInit
                0x08004b04      0x132 src\usb_hid_device\usb_core.o
                0x08004b04                USB_OTG_CoreInit
 .text.USB_OTG_EnableGlobalInt
                0x08004c36       0x36 src\usb_hid_device\usb_core.o
                0x08004c36                USB_OTG_EnableGlobalInt
 .text.USB_OTG_DisableGlobalInt
                0x08004c6c       0x38 src\usb_hid_device\usb_core.o
                0x08004c6c                USB_OTG_DisableGlobalInt
 .text.USB_OTG_FlushTxFifo
                0x08004ca4       0x74 src\usb_hid_device\usb_core.o
                0x08004ca4                USB_OTG_FlushTxFifo
 .text.USB_OTG_FlushRxFifo
                0x08004d18       0x60 src\usb_hid_device\usb_core.o
                0x08004d18                USB_OTG_FlushRxFifo
 .text.USB_OTG_SetCurrentMode
                0x08004d78       0x5e src\usb_hid_device\usb_core.o
                0x08004d78                USB_OTG_SetCurrentMode
 .text.USB_OTG_GetMode
                0x08004dd6       0x1e src\usb_hid_device\usb_core.o
                0x08004dd6                USB_OTG_GetMode
 .text.USB_OTG_IsDeviceMode
                0x08004df4       0x22 src\usb_hid_device\usb_core.o
                0x08004df4                USB_OTG_IsDeviceMode
 .text.USB_OTG_ReadCoreItr
                0x08004e16       0x2e src\usb_hid_device\usb_core.o
                0x08004e16                USB_OTG_ReadCoreItr
 .text.USB_OTG_InitDevSpeed
                0x08004e44       0x38 src\usb_hid_device\usb_core.o
                0x08004e44                USB_OTG_InitDevSpeed
 .text.USB_OTG_CoreInitDev
                0x08004e7c      0x2aa src\usb_hid_device\usb_core.o
                0x08004e7c                USB_OTG_CoreInitDev
 .text.USB_OTG_EnableDevInt
                0x08005126       0xa8 src\usb_hid_device\usb_core.o
                0x08005126                USB_OTG_EnableDevInt
 .text.USB_OTG_GetDeviceSpeed
                0x080051ce       0x48 src\usb_hid_device\usb_core.o
                0x080051ce                USB_OTG_GetDeviceSpeed
 .text.USB_OTG_EP0Activate
                0x08005216       0x76 src\usb_hid_device\usb_core.o
                0x08005216                USB_OTG_EP0Activate
 .text.USB_OTG_EPActivate
                0x0800528c       0xfe src\usb_hid_device\usb_core.o
                0x0800528c                USB_OTG_EPActivate
 .text.USB_OTG_EPDeactivate
                0x0800538a       0xae src\usb_hid_device\usb_core.o
                0x0800538a                USB_OTG_EPDeactivate
 .text.USB_OTG_EPStartXfer
                0x08005438      0x280 src\usb_hid_device\usb_core.o
                0x08005438                USB_OTG_EPStartXfer
 .text.USB_OTG_EP0StartXfer
                0x080056b8      0x1d4 src\usb_hid_device\usb_core.o
                0x080056b8                USB_OTG_EP0StartXfer
 .text.USB_OTG_EPSetStall
                0x0800588c       0x86 src\usb_hid_device\usb_core.o
                0x0800588c                USB_OTG_EPSetStall
 .text.USB_OTG_EPClearStall
                0x08005912       0x76 src\usb_hid_device\usb_core.o
                0x08005912                USB_OTG_EPClearStall
 .text.USB_OTG_ReadDevAllOutEp_itr
                0x08005988       0x2c src\usb_hid_device\usb_core.o
                0x08005988                USB_OTG_ReadDevAllOutEp_itr
 .text.USB_OTG_ReadDevOutEP_itr
                0x080059b4       0x36 src\usb_hid_device\usb_core.o
                0x080059b4                USB_OTG_ReadDevOutEP_itr
 .text.USB_OTG_ReadDevAllInEPItr
                0x080059ea       0x2c src\usb_hid_device\usb_core.o
                0x080059ea                USB_OTG_ReadDevAllInEPItr
 .text.USB_OTG_EP0_OutStart
                0x08005a16       0x72 src\usb_hid_device\usb_core.o
                0x08005a16                USB_OTG_EP0_OutStart
 .text.USB_OTG_UngateClock
                0x08005a88       0x54 src\usb_hid_device\usb_core.o
                0x08005a88                USB_OTG_UngateClock
 .text.DCD_Init
                0x08005adc      0x106 src\usb_hid_device\usb_dcd.o
                0x08005adc                DCD_Init
 .text.DCD_EP_Open
                0x08005be2       0xb0 src\usb_hid_device\usb_dcd.o
                0x08005be2                DCD_EP_Open
 .text.DCD_EP_Close
                0x08005c92       0x78 src\usb_hid_device\usb_dcd.o
                0x08005c92                DCD_EP_Close
 .text.DCD_EP_PrepareRx
                0x08005d0a       0x84 src\usb_hid_device\usb_dcd.o
                0x08005d0a                DCD_EP_PrepareRx
 .text.DCD_EP_Tx
                0x08005d8e       0x78 src\usb_hid_device\usb_dcd.o
                0x08005d8e                DCD_EP_Tx
 .text.DCD_EP_Stall
                0x08005e06       0x7a src\usb_hid_device\usb_dcd.o
                0x08005e06                DCD_EP_Stall
 .text.DCD_EP_ClrStall
                0x08005e80       0x7a src\usb_hid_device\usb_dcd.o
                0x08005e80                DCD_EP_ClrStall
 .text.DCD_EP_Flush
                0x08005efa       0x34 src\usb_hid_device\usb_dcd.o
                0x08005efa                DCD_EP_Flush
 .text.DCD_EP_SetAddress
                0x08005f2e       0x3c src\usb_hid_device\usb_dcd.o
                0x08005f2e                DCD_EP_SetAddress
 *fill*         0x08005f6a        0x2 
 .text.USBD_OTG_EP1OUT_ISR_Handler
                0x08005f6c       0x9c src\usb_hid_device\usb_dcd_int.o
                0x08005f6c                USBD_OTG_EP1OUT_ISR_Handler
 .text.USBD_OTG_EP1IN_ISR_Handler
                0x08006008      0x12c src\usb_hid_device\usb_dcd_int.o
                0x08006008                USBD_OTG_EP1IN_ISR_Handler
 .text.USBD_OTG_ISR_Handler
                0x08006134      0x190 src\usb_hid_device\usb_dcd_int.o
                0x08006134                USBD_OTG_ISR_Handler
 .text.DCD_SessionRequest_ISR
                0x080062c4       0x34 src\usb_hid_device\usb_dcd_int.o
 .text.DCD_OTG_ISR
                0x080062f8       0x3c src\usb_hid_device\usb_dcd_int.o
 .text.DCD_HandleResume_ISR
                0x08006334       0x80 src\usb_hid_device\usb_dcd_int.o
 .text.DCD_HandleUSBSuspend_ISR
                0x080063b4       0xbc src\usb_hid_device\usb_dcd_int.o
 .text.DCD_HandleInEP_ISR
                0x08006470      0x19c src\usb_hid_device\usb_dcd_int.o
 .text.DCD_HandleOutEP_ISR
                0x0800660c      0x150 src\usb_hid_device\usb_dcd_int.o
 .text.DCD_HandleSof_ISR
                0x0800675c       0x34 src\usb_hid_device\usb_dcd_int.o
 .text.DCD_HandleRxStatusQueueLevel_ISR
                0x08006790      0x104 src\usb_hid_device\usb_dcd_int.o
 .text.DCD_WriteEmptyTxFifo
                0x08006894       0xe4 src\usb_hid_device\usb_dcd_int.o
 .text.DCD_HandleUsbReset_ISR
                0x08006978      0x130 src\usb_hid_device\usb_dcd_int.o
 .text.DCD_HandleEnumDone_ISR
                0x08006aa8       0x78 src\usb_hid_device\usb_dcd_int.o
 .text.DCD_IsoINIncomplete_ISR
                0x08006b20       0x34 src\usb_hid_device\usb_dcd_int.o
 .text.DCD_IsoOUTIncomplete_ISR
                0x08006b54       0x34 src\usb_hid_device\usb_dcd_int.o
 .text.DCD_ReadDevInEP
                0x08006b88       0x50 src\usb_hid_device\usb_dcd_int.o
 .text.USBD_Init
                0x08006bd8       0x56 src\usb_hid_device\usbd_core.o
                0x08006bd8                USBD_Init
 .text.USBD_DeInit
                0x08006c2e       0x16 src\usb_hid_device\usbd_core.o
                0x08006c2e                USBD_DeInit
 .text.USBD_SetupStage
                0x08006c44       0x6c src\usb_hid_device\usbd_core.o
 .text.USBD_DataOutStage
                0x08006cb0       0xcc src\usb_hid_device\usbd_core.o
 .text.USBD_DataInStage
                0x08006d7c      0x11a src\usb_hid_device\usbd_core.o
 *fill*         0x08006e96        0x2 
 .text.USBD_RunTestMode
                0x08006e98       0x24 src\usb_hid_device\usbd_core.o
 .text.USBD_Reset
                0x08006ebc       0x42 src\usb_hid_device\usbd_core.o
 .text.USBD_Resume
                0x08006efe       0x30 src\usb_hid_device\usbd_core.o
 .text.USBD_Suspend
                0x08006f2e       0x30 src\usb_hid_device\usbd_core.o
 .text.USBD_SOF
                0x08006f5e       0x2a src\usb_hid_device\usbd_core.o
 .text.USBD_SetCfg
                0x08006f88       0x30 src\usb_hid_device\usbd_core.o
                0x08006f88                USBD_SetCfg
 .text.USBD_ClrCfg
                0x08006fb8       0x26 src\usb_hid_device\usbd_core.o
                0x08006fb8                USBD_ClrCfg
 .text.USBD_IsoINIncomplete
                0x08006fde       0x1e src\usb_hid_device\usbd_core.o
 .text.USBD_IsoOUTIncomplete
                0x08006ffc       0x1e src\usb_hid_device\usbd_core.o
 .text.USBD_DevConnected
                0x0800701a       0x24 src\usb_hid_device\usbd_core.o
 .text.USBD_DevDisconnected
                0x0800703e       0x32 src\usb_hid_device\usbd_core.o
 .text.USBD_USR_DeviceDescriptor
                0x08007070       0x24 src\usb_hid_device\usbd_desc.o
                0x08007070                USBD_USR_DeviceDescriptor
 .text.USBD_USR_LangIDStrDescriptor
                0x08007094       0x24 src\usb_hid_device\usbd_desc.o
                0x08007094                USBD_USR_LangIDStrDescriptor
 .text.USBD_USR_ProductStrDescriptor
                0x080070b8       0x40 src\usb_hid_device\usbd_desc.o
                0x080070b8                USBD_USR_ProductStrDescriptor
 .text.USBD_USR_ManufacturerStrDescriptor
                0x080070f8       0x28 src\usb_hid_device\usbd_desc.o
                0x080070f8                USBD_USR_ManufacturerStrDescriptor
 .text.USBD_USR_SerialStrDescriptor
                0x08007120       0x40 src\usb_hid_device\usbd_desc.o
                0x08007120                USBD_USR_SerialStrDescriptor
 .text.USBD_USR_ConfigStrDescriptor
                0x08007160       0x3c src\usb_hid_device\usbd_desc.o
                0x08007160                USBD_USR_ConfigStrDescriptor
 .text.USBD_USR_InterfaceStrDescriptor
                0x0800719c       0x3c src\usb_hid_device\usbd_desc.o
                0x0800719c                USBD_USR_InterfaceStrDescriptor
 .text.USBD_HID_Init
                0x080071d8       0x2e src\usb_hid_device\usbd_hid_core.o
 .text.USBD_HID_DeInit
                0x08007206       0x26 src\usb_hid_device\usbd_hid_core.o
 .text.USBD_HID_Setup
                0x0800722c      0x134 src\usb_hid_device\usbd_hid_core.o
 .text.USBD_HID_SendReport
                0x08007360       0x2e src\usb_hid_device\usbd_hid_core.o
                0x08007360                USBD_HID_SendReport
 *fill*         0x0800738e        0x2 
 .text.USBD_HID_GetCfgDesc
                0x08007390       0x24 src\usb_hid_device\usbd_hid_core.o
 .text.USBD_HID_DataIn
                0x080073b4       0x1e src\usb_hid_device\usbd_hid_core.o
 .text.USBD_CtlSendData
                0x080073d2       0x40 src\usb_hid_device\usbd_ioreq.o
                0x080073d2                USBD_CtlSendData
 .text.USBD_CtlContinueSendData
                0x08007412       0x28 src\usb_hid_device\usbd_ioreq.o
                0x08007412                USBD_CtlContinueSendData
 .text.USBD_CtlContinueRx
                0x0800743a       0x28 src\usb_hid_device\usbd_ioreq.o
                0x0800743a                USBD_CtlContinueRx
 .text.USBD_CtlSendStatus
                0x08007462       0x30 src\usb_hid_device\usbd_ioreq.o
                0x08007462                USBD_CtlSendStatus
 .text.USBD_CtlReceiveStatus
                0x08007492       0x30 src\usb_hid_device\usbd_ioreq.o
                0x08007492                USBD_CtlReceiveStatus
 *fill*         0x080074c2        0x2 
 .text.USBD_StdDevReq
                0x080074c4       0xa0 src\usb_hid_device\usbd_req.o
                0x080074c4                USBD_StdDevReq
 .text.USBD_StdItfReq
                0x08007564       0x66 src\usb_hid_device\usbd_req.o
                0x08007564                USBD_StdItfReq
 *fill*         0x080075ca        0x2 
 .text.USBD_StdEPReq
                0x080075cc      0x1b0 src\usb_hid_device\usbd_req.o
                0x080075cc                USBD_StdEPReq
 .text.USBD_GetDescriptor
                0x0800777c      0x23c src\usb_hid_device\usbd_req.o
 .text.USBD_SetAddress
                0x080079b8       0x7c src\usb_hid_device\usbd_req.o
 .text.USBD_SetConfig
                0x08007a34       0xf4 src\usb_hid_device\usbd_req.o
 .text.USBD_GetConfig
                0x08007b28       0x60 src\usb_hid_device\usbd_req.o
 .text.USBD_GetStatus
                0x08007b88       0x54 src\usb_hid_device\usbd_req.o
 .text.USBD_SetFeature
                0x08007bdc       0xd8 src\usb_hid_device\usbd_req.o
 .text.USBD_ClrFeature
                0x08007cb4       0x50 src\usb_hid_device\usbd_req.o
 .text.USBD_ParseSetupRequest
                0x08007d04       0x92 src\usb_hid_device\usbd_req.o
                0x08007d04                USBD_ParseSetupRequest
 .text.USBD_CtlError
                0x08007d96       0x28 src\usb_hid_device\usbd_req.o
                0x08007d96                USBD_CtlError
 .text.USBD_GetString
                0x08007dbe       0x86 src\usb_hid_device\usbd_req.o
                0x08007dbe                USBD_GetString
 .text.USBD_GetLen
                0x08007e44       0x30 src\usb_hid_device\usbd_req.o
 .text.USBD_USR_Init
                0x08007e74       0x18 src\usb_hid_device\usbd_usr.o
                0x08007e74                USBD_USR_Init
 .text.USBD_USR_DeviceReset
                0x08007e8c       0x20 src\usb_hid_device\usbd_usr.o
                0x08007e8c                USBD_USR_DeviceReset
 .text.USBD_USR_DeviceConfigured
                0x08007eac       0x18 src\usb_hid_device\usbd_usr.o
                0x08007eac                USBD_USR_DeviceConfigured
 .text.USBD_USR_DeviceConnected
                0x08007ec4       0x18 src\usb_hid_device\usbd_usr.o
                0x08007ec4                USBD_USR_DeviceConnected
 .text.USBD_USR_DeviceDisconnected
                0x08007edc       0x18 src\usb_hid_device\usbd_usr.o
                0x08007edc                USBD_USR_DeviceDisconnected
 .text.USBD_USR_DeviceSuspended
                0x08007ef4       0x18 src\usb_hid_device\usbd_usr.o
                0x08007ef4                USBD_USR_DeviceSuspended
 .text.USBD_USR_DeviceResumed
                0x08007f0c       0x18 src\usb_hid_device\usbd_usr.o
                0x08007f0c                USBD_USR_DeviceResumed
 .text.__libc_init_array
                0x08007f24       0x48 c:/program files (x86)/atollic/truestudio for stm32 9.0.1/armtools/bin/../lib/gcc/arm-atollic-eabi/6.3.1/../../../../arm-atollic-eabi/lib/armv7e-m/softfp\libc_nano.a(lib_a-init.o)
                0x08007f24                __libc_init_array
 .text.strcat   0x08007f6c       0x1e c:/program files (x86)/atollic/truestudio for stm32 9.0.1/armtools/bin/../lib/gcc/arm-atollic-eabi/6.3.1/../../../../arm-atollic-eabi/lib/armv7e-m/softfp\libc_nano.a(lib_a-strcat.o)
                0x08007f6c                strcat
 *(.glue_7)
 .glue_7        0x08007f8a        0x0 linker stubs
 *(.glue_7t)
 .glue_7t       0x08007f8a        0x0 linker stubs
 *(.eh_frame)
 *fill*         0x08007f8a        0x2 
 .eh_frame      0x08007f8c        0x0 c:/program files (x86)/atollic/truestudio for stm32 9.0.1/armtools/bin/../lib/gcc/arm-atollic-eabi/6.3.1/armv7e-m/softfp/crtbegin.o
 *(.init)
 .init          0x08007f8c        0x4 c:/program files (x86)/atollic/truestudio for stm32 9.0.1/armtools/bin/../lib/gcc/arm-atollic-eabi/6.3.1/armv7e-m/softfp/crti.o
                0x08007f8c                _init
 .init          0x08007f90        0x8 c:/program files (x86)/atollic/truestudio for stm32 9.0.1/armtools/bin/../lib/gcc/arm-atollic-eabi/6.3.1/armv7e-m/softfp/crtn.o
 *(.fini)
 .fini          0x08007f98        0x4 c:/program files (x86)/atollic/truestudio for stm32 9.0.1/armtools/bin/../lib/gcc/arm-atollic-eabi/6.3.1/armv7e-m/softfp/crti.o
                0x08007f98                _fini
 .fini          0x08007f9c        0x8 c:/program files (x86)/atollic/truestudio for stm32 9.0.1/armtools/bin/../lib/gcc/arm-atollic-eabi/6.3.1/armv7e-m/softfp/crtn.o
                0x08007fa4                . = ALIGN (0x4)
                0x08007fa4                _etext = .

.vfp11_veneer   0x08007fa4        0x0
 .vfp11_veneer  0x08007fa4        0x0 linker stubs

.v4_bx          0x08007fa4        0x0
 .v4_bx         0x08007fa4        0x0 linker stubs

.iplt           0x08007fa4        0x0
 .iplt          0x08007fa4        0x0 c:/program files (x86)/atollic/truestudio for stm32 9.0.1/armtools/bin/../lib/gcc/arm-atollic-eabi/6.3.1/armv7e-m/softfp/crtbegin.o

.rodata         0x08007fa4     0x1930
                0x08007fa4                . = ALIGN (0x4)
 *(.rodata)
 .rodata        0x08007fa4       0xcf src\main.o
 *fill*         0x08008073        0x1 
 .rodata        0x08008074       0x8e src\usb_hid_device\usbd_desc.o
 *(.rodata*)
 *fill*         0x08008102        0x2 
 .rodata.ASCII16x24_Table
                0x08008104     0x11d0 Utilities\Common\fonts.o
                0x08008104                ASCII16x24_Table
 .rodata.ASCII8x8_Table
                0x080092d4      0x600 Utilities\Common\fonts.o
                0x080092d4                ASCII8x8_Table
                0x080098d4                . = ALIGN (0x4)

.rel.dyn        0x080098d4        0x0
 .rel.iplt      0x080098d4        0x0 c:/program files (x86)/atollic/truestudio for stm32 9.0.1/armtools/bin/../lib/gcc/arm-atollic-eabi/6.3.1/armv7e-m/softfp/crtbegin.o

.ARM.extab
 *(.ARM.extab* .gnu.linkonce.armextab.*)

.ARM            0x080098d4        0x0
                0x080098d4                __exidx_start = .
 *(.ARM.exidx*)
                0x080098d4                __exidx_end = .

.preinit_array  0x080098d4        0x0
                0x080098d4                PROVIDE (__preinit_array_start, .)
 *(.preinit_array*)
                0x080098d4                PROVIDE (__preinit_array_end, .)

.init_array     0x080098d4        0x4
                0x080098d4                PROVIDE (__init_array_start, .)
 *(SORT(.init_array.*))
 *(.init_array*)
 .init_array    0x080098d4        0x4 c:/program files (x86)/atollic/truestudio for stm32 9.0.1/armtools/bin/../lib/gcc/arm-atollic-eabi/6.3.1/armv7e-m/softfp/crtbegin.o
                0x080098d8                PROVIDE (__init_array_end, .)

.fini_array     0x080098d8        0x4
                [!provide]                PROVIDE (__fini_array_start, .)
 *(SORT(.fini_array.*))
 *(.fini_array*)
 .fini_array    0x080098d8        0x4 c:/program files (x86)/atollic/truestudio for stm32 9.0.1/armtools/bin/../lib/gcc/arm-atollic-eabi/6.3.1/armv7e-m/softfp/crtbegin.o
                [!provide]                PROVIDE (__fini_array_end, .)
                0x080098dc                _sidata = LOADADDR (.data)

.data           0x20000000      0x150 load address 0x080098dc
                0x20000000                . = ALIGN (0x4)
                0x20000000                _sdata = .
 *(.data)
 *(.data*)
 .data.APBAHBPrescTable
                0x20000000       0x10 Libraries\STM32F4xx_StdPeriph_Driver\src\stm32f4xx_rcc.o
 .data.Font16x24
                0x20000010        0x8 Utilities\Common\fonts.o
                0x20000010                Font16x24
 .data.Font8x8  0x20000018        0x8 Utilities\Common\fonts.o
                0x20000018                Font8x8
 .data.IOE_TimeOut
                0x20000020        0x4 Utilities\STM32F429I-Discovery\stm32f429i_discovery_ioe.o
                0x20000020                IOE_TimeOut
 .data.CurrentBackColor
                0x20000024        0x2 Utilities\STM32F429I-Discovery\stm32f429i_discovery_lcd.o
 *fill*         0x20000026        0x2 
 .data.CurrentFrameBuffer
                0x20000028        0x4 Utilities\STM32F429I-Discovery\stm32f429i_discovery_lcd.o
 .data.SystemCoreClock
                0x2000002c        0x4 src\system_stm32f4xx.o
                0x2000002c                SystemCoreClock
 .data.USBD_DCD_INT_cb
                0x20000030       0x2c src\usb_hid_device\usbd_core.o
                0x20000030                USBD_DCD_INT_cb
 .data.USBD_DCD_INT_fops
                0x2000005c        0x4 src\usb_hid_device\usbd_core.o
                0x2000005c                USBD_DCD_INT_fops
 .data.USR_desc
                0x20000060       0x1c src\usb_hid_device\usbd_desc.o
                0x20000060                USR_desc
 .data.USBD_DeviceDesc
                0x2000007c       0x12 src\usb_hid_device\usbd_desc.o
                0x2000007c                USBD_DeviceDesc
 *fill*         0x2000008e        0x2 
 .data.USBD_DeviceQualifierDesc
                0x20000090        0xa src\usb_hid_device\usbd_desc.o
                0x20000090                USBD_DeviceQualifierDesc
 *fill*         0x2000009a        0x2 
 .data.USBD_LangIDDesc
                0x2000009c        0x4 src\usb_hid_device\usbd_desc.o
                0x2000009c                USBD_LangIDDesc
 .data.USBD_HID_cb
                0x200000a0       0x30 src\usb_hid_device\usbd_hid_core.o
                0x200000a0                USBD_HID_cb
 .data.USBD_HID_CfgDesc
                0x200000d0       0x22 src\usb_hid_device\usbd_hid_core.o
 *fill*         0x200000f2        0x2 
 .data.USBD_HID_Desc
                0x200000f4        0x9 src\usb_hid_device\usbd_hid_core.o
 *fill*         0x200000fd        0x3 
 .data.HID_MOUSE_ReportDesc
                0x20000100       0x32 src\usb_hid_device\usbd_hid_core.o
 *fill*         0x20000132        0x2 
 .data.USR_cb   0x20000134       0x1c src\usb_hid_device\usbd_usr.o
                0x20000134                USR_cb
                0x20000150                . = ALIGN (0x4)
                0x20000150                _edata = .
                0x08009a2c                _siccmram = LOADADDR (.ccmram)

.igot.plt       0x20000150        0x0 load address 0x08009a2c
 .igot.plt      0x20000150        0x0 c:/program files (x86)/atollic/truestudio for stm32 9.0.1/armtools/bin/../lib/gcc/arm-atollic-eabi/6.3.1/armv7e-m/softfp/crtbegin.o

.ccmram         0x10000000        0x0 load address 0x08009a2c
                0x10000000                . = ALIGN (0x4)
                0x10000000                _sccmram = .
 *(.ccmram)
 *(.ccmram*)
                0x10000000                . = ALIGN (0x4)
                0x10000000                _eccmram = .
                0x10000000                . = ALIGN (0x4)

.bss            0x20000150      0x6d0
                0x20000150                _sbss = .
                0x20000150                __bss_start__ = _sbss
 *(.bss)
 .bss           0x20000150       0x1c c:/program files (x86)/atollic/truestudio for stm32 9.0.1/armtools/bin/../lib/gcc/arm-atollic-eabi/6.3.1/armv7e-m/softfp/crtbegin.o
 *(.bss*)
 .bss._x.9160   0x2000016c        0x4 Utilities\STM32F429I-Discovery\stm32f429i_discovery_ioe.o
 .bss._y.9161   0x20000170        0x4 Utilities\STM32F429I-Discovery\stm32f429i_discovery_ioe.o
 .bss.LCD_Currentfonts
                0x20000174        0x4 Utilities\STM32F429I-Discovery\stm32f429i_discovery_lcd.o
 .bss.CurrentTextColor
                0x20000178        0x2 Utilities\STM32F429I-Discovery\stm32f429i_discovery_lcd.o
 *fill*         0x2000017a        0x2 
 .bss.CurrentLayer
                0x2000017c        0x4 Utilities\STM32F429I-Discovery\stm32f429i_discovery_lcd.o
 .bss.TP_State.12192
                0x20000180        0x4 src\main.o
 .bss.TM_Time   0x20000184        0x4 src\tm_stm32f4_delay.o
                0x20000184                TM_Time
 .bss.TM_Time2  0x20000188        0x4 src\tm_stm32f4_delay.o
                0x20000188                TM_Time2
 .bss.TM_DELAY_Initialized
                0x2000018c        0x1 src\tm_stm32f4_delay.o
                0x2000018c                TM_DELAY_Initialized
 *fill*         0x2000018d        0x3 
 .bss.CustomTimers
                0x20000190       0x18 src\tm_stm32f4_delay.o
 .bss.GPIO_UsedPins
                0x200001a8       0x16 src\tm_stm32f4_gpio.o
 *fill*         0x200001be        0x2 
 .bss.USBD_HID_AltSet
                0x200001c0        0x4 src\usb_hid_device\usbd_hid_core.o
 .bss.USBD_HID_Protocol
                0x200001c4        0x4 src\usb_hid_device\usbd_hid_core.o
 .bss.USBD_HID_IdleState
                0x200001c8        0x4 src\usb_hid_device\usbd_hid_core.o
 .bss.USBD_ep_status
                0x200001cc        0x4 src\usb_hid_device\usbd_req.o
                0x200001cc                USBD_ep_status
 .bss.USBD_default_cfg
                0x200001d0        0x4 src\usb_hid_device\usbd_req.o
                0x200001d0                USBD_default_cfg
 .bss.USBD_cfg_status
                0x200001d4        0x4 src\usb_hid_device\usbd_req.o
                0x200001d4                USBD_cfg_status
 .bss.cfgidx.10204
                0x200001d8        0x1 src\usb_hid_device\usbd_req.o
 .bss.TM_USB_HIDDEVICE_INT_Status
                0x200001d9        0x1 src\usb_hid_device\usbd_usr.o
                0x200001d9                TM_USB_HIDDEVICE_INT_Status
 *(COMMON)
 *fill*         0x200001da        0x2 
 COMMON         0x200001dc        0x8 Utilities\STM32F429I-Discovery\stm32f429i_discovery_ioe.o
                0x200001dc                TP_State
 COMMON         0x200001e4        0x4 src\tm_stm32f4_delay.o
                0x200001e4                mult
 COMMON         0x200001e8        0x4 src\usb_hid_device\usbd_core.o
                0x200001e8                SET_TEST_MODE
 COMMON         0x200001ec       0x40 src\usb_hid_device\usbd_req.o
                0x200001ec                USBD_StrDesc
 COMMON         0x2000022c      0x5f4 src\usb_hid_device\usbd_usr.o
                0x2000022c                USB_OTG_dev
                0x20000820                . = ALIGN (0x4)
                0x20000820                _ebss = .
                0x20000820                __bss_end__ = _ebss

._user_heap_stack
                0x20000820      0x400
                0x20000820                . = ALIGN (0x4)
                0x20000820                PROVIDE (end, .)
                [!provide]                PROVIDE (_end, .)
                0x20000820                . = (. + _Min_Heap_Size)
                0x20000c20                . = (. + _Min_Stack_Size)
 *fill*         0x20000820      0x400 
                0x20000c20                . = ALIGN (0x4)

.memory_b1_text
 *(.mb1text)
 *(.mb1text*)
 *(.mb1rodata)
 *(.mb1rodata*)

/DISCARD/
 libc.a(*)
 libm.a(*)
 libgcc.a(*)

.ARM.attributes
                0x00000000       0x2e
 *(.ARM.attributes)
 .ARM.attributes
                0x00000000       0x22 c:/program files (x86)/atollic/truestudio for stm32 9.0.1/armtools/bin/../lib/gcc/arm-atollic-eabi/6.3.1/armv7e-m/softfp/crti.o
 .ARM.attributes
                0x00000022       0x32 c:/program files (x86)/atollic/truestudio for stm32 9.0.1/armtools/bin/../lib/gcc/arm-atollic-eabi/6.3.1/armv7e-m/softfp/crtbegin.o
 .ARM.attributes
                0x00000054       0x37 Libraries\STM32F4xx_StdPeriph_Driver\src\misc.o
 .ARM.attributes
                0x0000008b       0x37 Libraries\STM32F4xx_StdPeriph_Driver\src\stm32f4xx_dma2d.o
 .ARM.attributes
                0x000000c2       0x37 Libraries\STM32F4xx_StdPeriph_Driver\src\stm32f4xx_exti.o
 .ARM.attributes
                0x000000f9       0x37 Libraries\STM32F4xx_StdPeriph_Driver\src\stm32f4xx_fmc.o
 .ARM.attributes
                0x00000130       0x37 Libraries\STM32F4xx_StdPeriph_Driver\src\stm32f4xx_gpio.o
 .ARM.attributes
                0x00000167       0x37 Libraries\STM32F4xx_StdPeriph_Driver\src\stm32f4xx_i2c.o
 .ARM.attributes
                0x0000019e       0x37 Libraries\STM32F4xx_StdPeriph_Driver\src\stm32f4xx_ltdc.o
 .ARM.attributes
                0x000001d5       0x37 Libraries\STM32F4xx_StdPeriph_Driver\src\stm32f4xx_rcc.o
 .ARM.attributes
                0x0000020c       0x37 Libraries\STM32F4xx_StdPeriph_Driver\src\stm32f4xx_spi.o
 .ARM.attributes
                0x00000243       0x37 Utilities\Common\fonts.o
 .ARM.attributes
                0x0000027a       0x37 Utilities\STM32F429I-Discovery\stm32f429i_discovery_ioe.o
 .ARM.attributes
                0x000002b1       0x37 Utilities\STM32F429I-Discovery\stm32f429i_discovery_lcd.o
 .ARM.attributes
                0x000002e8       0x37 Utilities\STM32F429I-Discovery\stm32f429i_discovery_sdram.o
 .ARM.attributes
                0x0000031f       0x37 src\main.o
 .ARM.attributes
                0x00000356       0x21 src\startup_stm32f429_439xx.o
 .ARM.attributes
                0x00000377       0x37 src\stm32f4xx_it.o
 .ARM.attributes
                0x000003ae       0x37 src\system_stm32f4xx.o
 .ARM.attributes
                0x000003e5       0x37 src\tm_stm32f4_delay.o
 .ARM.attributes
                0x0000041c       0x37 src\tm_stm32f4_disco.o
 .ARM.attributes
                0x00000453       0x37 src\tm_stm32f4_gpio.o
 .ARM.attributes
                0x0000048a       0x37 src\usb_hid_device\tm_stm32f4_usb_hid_device.o
 .ARM.attributes
                0x000004c1       0x37 src\usb_hid_device\usb_bsp.o
 .ARM.attributes
                0x000004f8       0x37 src\usb_hid_device\usb_core.o
 .ARM.attributes
                0x0000052f       0x37 src\usb_hid_device\usb_dcd.o
 .ARM.attributes
                0x00000566       0x37 src\usb_hid_device\usb_dcd_int.o
 .ARM.attributes
                0x0000059d       0x37 src\usb_hid_device\usbd_core.o
 .ARM.attributes
                0x000005d4       0x37 src\usb_hid_device\usbd_desc.o
 .ARM.attributes
                0x0000060b       0x37 src\usb_hid_device\usbd_hid_core.o
 .ARM.attributes
                0x00000642       0x37 src\usb_hid_device\usbd_ioreq.o
 .ARM.attributes
                0x00000679       0x37 src\usb_hid_device\usbd_req.o
 .ARM.attributes
                0x000006b0       0x37 src\usb_hid_device\usbd_usr.o
 .ARM.attributes
                0x000006e7       0x32 c:/program files (x86)/atollic/truestudio for stm32 9.0.1/armtools/bin/../lib/gcc/arm-atollic-eabi/6.3.1/../../../../arm-atollic-eabi/lib/armv7e-m/softfp\libc_nano.a(lib_a-init.o)
 .ARM.attributes
                0x00000719       0x32 c:/program files (x86)/atollic/truestudio for stm32 9.0.1/armtools/bin/../lib/gcc/arm-atollic-eabi/6.3.1/../../../../arm-atollic-eabi/lib/armv7e-m/softfp\libc_nano.a(lib_a-strcat.o)
 .ARM.attributes
                0x0000074b       0x1b c:/program files (x86)/atollic/truestudio for stm32 9.0.1/armtools/bin/../lib/gcc/arm-atollic-eabi/6.3.1/../../../../arm-atollic-eabi/lib/armv7e-m/softfp\libc_nano.a(lib_a-strlen.o)
 .ARM.attributes
                0x00000766       0x22 c:/program files (x86)/atollic/truestudio for stm32 9.0.1/armtools/bin/../lib/gcc/arm-atollic-eabi/6.3.1/armv7e-m/softfp/crtn.o
OUTPUT(Touch_Panel.elf elf32-littlearm)

.debug_info     0x00000000    0x1861a
 .debug_info    0x00000000      0x54d Libraries\STM32F4xx_StdPeriph_Driver\src\misc.o
 .debug_info    0x0000054d      0x82b Libraries\STM32F4xx_StdPeriph_Driver\src\stm32f4xx_dma2d.o
 .debug_info    0x00000d78      0x357 Libraries\STM32F4xx_StdPeriph_Driver\src\stm32f4xx_exti.o
 .debug_info    0x000010cf      0xc94 Libraries\STM32F4xx_StdPeriph_Driver\src\stm32f4xx_fmc.o
 .debug_info    0x00001d63      0x628 Libraries\STM32F4xx_StdPeriph_Driver\src\stm32f4xx_gpio.o
 .debug_info    0x0000238b      0xb9e Libraries\STM32F4xx_StdPeriph_Driver\src\stm32f4xx_i2c.o
 .debug_info    0x00002f29      0xd0f Libraries\STM32F4xx_StdPeriph_Driver\src\stm32f4xx_ltdc.o
 .debug_info    0x00003c38      0xe36 Libraries\STM32F4xx_StdPeriph_Driver\src\stm32f4xx_rcc.o
 .debug_info    0x00004a6e      0xb34 Libraries\STM32F4xx_StdPeriph_Driver\src\stm32f4xx_spi.o
 .debug_info    0x000055a2      0x1b5 Utilities\Common\fonts.o
 .debug_info    0x00005757      0xbe5 Utilities\STM32F429I-Discovery\stm32f429i_discovery_ioe.o
 .debug_info    0x0000633c     0x18c4 Utilities\STM32F429I-Discovery\stm32f429i_discovery_lcd.o
 .debug_info    0x00007c00      0x598 Utilities\STM32F429I-Discovery\stm32f429i_discovery_sdram.o
 .debug_info    0x00008198     0x10f7 src\main.o
 .debug_info    0x0000928f       0x8f src\startup_stm32f429_439xx.o
 .debug_info    0x0000931e      0x9e5 src\stm32f4xx_it.o
 .debug_info    0x00009d03      0x5f7 src\system_stm32f4xx.o
 .debug_info    0x0000a2fa     0x1274 src\tm_stm32f4_delay.o
 .debug_info    0x0000b56e      0x282 src\tm_stm32f4_disco.o
 .debug_info    0x0000b7f0      0x862 src\tm_stm32f4_gpio.o
 .debug_info    0x0000c052     0x10df src\usb_hid_device\tm_stm32f4_usb_hid_device.o
 .debug_info    0x0000d131     0x13df src\usb_hid_device\usb_bsp.o
 .debug_info    0x0000e510     0x24b7 src\usb_hid_device\usb_core.o
 .debug_info    0x000109c7     0x106b src\usb_hid_device\usb_dcd.o
 .debug_info    0x00011a32     0x1fdd src\usb_hid_device\usb_dcd_int.o
 .debug_info    0x00013a0f     0x106d src\usb_hid_device\usbd_core.o
 .debug_info    0x00014a7c      0x3bb src\usb_hid_device\usbd_desc.o
 .debug_info    0x00014e37      0xdc1 src\usb_hid_device\usbd_hid_core.o
 .debug_info    0x00015bf8      0xd03 src\usb_hid_device\usbd_ioreq.o
 .debug_info    0x000168fb     0x1085 src\usb_hid_device\usbd_req.o
 .debug_info    0x00017980      0xc9a src\usb_hid_device\usbd_usr.o

.debug_abbrev   0x00000000     0x3978
 .debug_abbrev  0x00000000      0x172 Libraries\STM32F4xx_StdPeriph_Driver\src\misc.o
 .debug_abbrev  0x00000172      0x1bb Libraries\STM32F4xx_StdPeriph_Driver\src\stm32f4xx_dma2d.o
 .debug_abbrev  0x0000032d      0x1bc Libraries\STM32F4xx_StdPeriph_Driver\src\stm32f4xx_exti.o
 .debug_abbrev  0x000004e9      0x1ac Libraries\STM32F4xx_StdPeriph_Driver\src\stm32f4xx_fmc.o
 .debug_abbrev  0x00000695      0x1b8 Libraries\STM32F4xx_StdPeriph_Driver\src\stm32f4xx_gpio.o
 .debug_abbrev  0x0000084d      0x191 Libraries\STM32F4xx_StdPeriph_Driver\src\stm32f4xx_i2c.o
 .debug_abbrev  0x000009de      0x1a3 Libraries\STM32F4xx_StdPeriph_Driver\src\stm32f4xx_ltdc.o
 .debug_abbrev  0x00000b81      0x1cf Libraries\STM32F4xx_StdPeriph_Driver\src\stm32f4xx_rcc.o
 .debug_abbrev  0x00000d50      0x17a Libraries\STM32F4xx_StdPeriph_Driver\src\stm32f4xx_spi.o
 .debug_abbrev  0x00000eca       0xb3 Utilities\Common\fonts.o
 .debug_abbrev  0x00000f7d      0x23e Utilities\STM32F429I-Discovery\stm32f429i_discovery_ioe.o
 .debug_abbrev  0x000011bb      0x253 Utilities\STM32F429I-Discovery\stm32f429i_discovery_lcd.o
 .debug_abbrev  0x0000140e      0x190 Utilities\STM32F429I-Discovery\stm32f429i_discovery_sdram.o
 .debug_abbrev  0x0000159e      0x273 src\main.o
 .debug_abbrev  0x00001811       0x12 src\startup_stm32f429_439xx.o
 .debug_abbrev  0x00001823      0x178 src\stm32f4xx_it.o
 .debug_abbrev  0x0000199b      0x158 src\system_stm32f4xx.o
 .debug_abbrev  0x00001af3      0x34f src\tm_stm32f4_delay.o
 .debug_abbrev  0x00001e42      0x103 src\tm_stm32f4_disco.o
 .debug_abbrev  0x00001f45      0x17c src\tm_stm32f4_gpio.o
 .debug_abbrev  0x000020c1      0x230 src\usb_hid_device\tm_stm32f4_usb_hid_device.o
 .debug_abbrev  0x000022f1      0x234 src\usb_hid_device\usb_bsp.o
 .debug_abbrev  0x00002525      0x2fc src\usb_hid_device\usb_core.o
 .debug_abbrev  0x00002821      0x26c src\usb_hid_device\usb_dcd.o
 .debug_abbrev  0x00002a8d      0x288 src\usb_hid_device\usb_dcd_int.o
 .debug_abbrev  0x00002d15      0x295 src\usb_hid_device\usbd_core.o
 .debug_abbrev  0x00002faa      0x144 src\usb_hid_device\usbd_desc.o
 .debug_abbrev  0x000030ee      0x21f src\usb_hid_device\usbd_hid_core.o
 .debug_abbrev  0x0000330d      0x1de src\usb_hid_device\usbd_ioreq.o
 .debug_abbrev  0x000034eb      0x2cf src\usb_hid_device\usbd_req.o
 .debug_abbrev  0x000037ba      0x1be src\usb_hid_device\usbd_usr.o

.debug_aranges  0x00000000     0x1248
 .debug_aranges
                0x00000000       0x40 Libraries\STM32F4xx_StdPeriph_Driver\src\misc.o
 .debug_aranges
                0x00000040       0xb0 Libraries\STM32F4xx_StdPeriph_Driver\src\stm32f4xx_dma2d.o
 .debug_aranges
                0x000000f0       0x58 Libraries\STM32F4xx_StdPeriph_Driver\src\stm32f4xx_exti.o
 .debug_aranges
                0x00000148       0xf0 Libraries\STM32F4xx_StdPeriph_Driver\src\stm32f4xx_fmc.o
 .debug_aranges
                0x00000238       0x88 Libraries\STM32F4xx_StdPeriph_Driver\src\stm32f4xx_gpio.o
 .debug_aranges
                0x000002c0      0x130 Libraries\STM32F4xx_StdPeriph_Driver\src\stm32f4xx_i2c.o
 .debug_aranges
                0x000003f0      0x108 Libraries\STM32F4xx_StdPeriph_Driver\src\stm32f4xx_ltdc.o
 .debug_aranges
                0x000004f8      0x1b8 Libraries\STM32F4xx_StdPeriph_Driver\src\stm32f4xx_rcc.o
 .debug_aranges
                0x000006b0       0xe0 Libraries\STM32F4xx_StdPeriph_Driver\src\stm32f4xx_spi.o
 .debug_aranges
                0x00000790       0x18 Utilities\Common\fonts.o
 .debug_aranges
                0x000007a8       0xf0 Utilities\STM32F429I-Discovery\stm32f429i_discovery_ioe.o
 .debug_aranges
                0x00000898      0x1b0 Utilities\STM32F429I-Discovery\stm32f429i_discovery_lcd.o
 .debug_aranges
                0x00000a48       0x48 Utilities\STM32F429I-Discovery\stm32f429i_discovery_sdram.o
 .debug_aranges
                0x00000a90       0x38 src\main.o
 .debug_aranges
                0x00000ac8       0x28 src\startup_stm32f429_439xx.o
 .debug_aranges
                0x00000af0       0x58 src\stm32f4xx_it.o
 .debug_aranges
                0x00000b48       0x30 src\system_stm32f4xx.o
 .debug_aranges
                0x00000b78       0x80 src\tm_stm32f4_delay.o
 .debug_aranges
                0x00000bf8       0x38 src\tm_stm32f4_disco.o
 .debug_aranges
                0x00000c30       0x98 src\tm_stm32f4_gpio.o
 .debug_aranges
                0x00000cc8       0x78 src\usb_hid_device\tm_stm32f4_usb_hid_device.o
 .debug_aranges
                0x00000d40       0x58 src\usb_hid_device\usb_bsp.o
 .debug_aranges
                0x00000d98      0x138 src\usb_hid_device\usb_core.o
 .debug_aranges
                0x00000ed0       0x80 src\usb_hid_device\usb_dcd.o
 .debug_aranges
                0x00000f50       0xa0 src\usb_hid_device\usb_dcd_int.o
 .debug_aranges
                0x00000ff0       0x98 src\usb_hid_device\usbd_core.o
 .debug_aranges
                0x00001088       0x50 src\usb_hid_device\usbd_desc.o
 .debug_aranges
                0x000010d8       0x48 src\usb_hid_device\usbd_hid_core.o
 .debug_aranges
                0x00001120       0x50 src\usb_hid_device\usbd_ioreq.o
 .debug_aranges
                0x00001170       0x88 src\usb_hid_device\usbd_req.o
 .debug_aranges
                0x000011f8       0x50 src\usb_hid_device\usbd_usr.o

.debug_ranges   0x00000000     0x1058
 .debug_ranges  0x00000000       0x30 Libraries\STM32F4xx_StdPeriph_Driver\src\misc.o
 .debug_ranges  0x00000030       0xa0 Libraries\STM32F4xx_StdPeriph_Driver\src\stm32f4xx_dma2d.o
 .debug_ranges  0x000000d0       0x48 Libraries\STM32F4xx_StdPeriph_Driver\src\stm32f4xx_exti.o
 .debug_ranges  0x00000118       0xe0 Libraries\STM32F4xx_StdPeriph_Driver\src\stm32f4xx_fmc.o
 .debug_ranges  0x000001f8       0x78 Libraries\STM32F4xx_StdPeriph_Driver\src\stm32f4xx_gpio.o
 .debug_ranges  0x00000270      0x120 Libraries\STM32F4xx_StdPeriph_Driver\src\stm32f4xx_i2c.o
 .debug_ranges  0x00000390       0xf8 Libraries\STM32F4xx_StdPeriph_Driver\src\stm32f4xx_ltdc.o
 .debug_ranges  0x00000488      0x1a8 Libraries\STM32F4xx_StdPeriph_Driver\src\stm32f4xx_rcc.o
 .debug_ranges  0x00000630       0xd0 Libraries\STM32F4xx_StdPeriph_Driver\src\stm32f4xx_spi.o
 .debug_ranges  0x00000700       0xe0 Utilities\STM32F429I-Discovery\stm32f429i_discovery_ioe.o
 .debug_ranges  0x000007e0      0x1a0 Utilities\STM32F429I-Discovery\stm32f429i_discovery_lcd.o
 .debug_ranges  0x00000980       0x38 Utilities\STM32F429I-Discovery\stm32f429i_discovery_sdram.o
 .debug_ranges  0x000009b8       0x28 src\main.o
 .debug_ranges  0x000009e0       0x20 src\startup_stm32f429_439xx.o
 .debug_ranges  0x00000a00       0x48 src\stm32f4xx_it.o
 .debug_ranges  0x00000a48       0x20 src\system_stm32f4xx.o
 .debug_ranges  0x00000a68       0x70 src\tm_stm32f4_delay.o
 .debug_ranges  0x00000ad8       0x28 src\tm_stm32f4_disco.o
 .debug_ranges  0x00000b00       0x88 src\tm_stm32f4_gpio.o
 .debug_ranges  0x00000b88       0x68 src\usb_hid_device\tm_stm32f4_usb_hid_device.o
 .debug_ranges  0x00000bf0       0x48 src\usb_hid_device\usb_bsp.o
 .debug_ranges  0x00000c38      0x128 src\usb_hid_device\usb_core.o
 .debug_ranges  0x00000d60       0x70 src\usb_hid_device\usb_dcd.o
 .debug_ranges  0x00000dd0       0x90 src\usb_hid_device\usb_dcd_int.o
 .debug_ranges  0x00000e60       0x88 src\usb_hid_device\usbd_core.o
 .debug_ranges  0x00000ee8       0x40 src\usb_hid_device\usbd_desc.o
 .debug_ranges  0x00000f28       0x38 src\usb_hid_device\usbd_hid_core.o
 .debug_ranges  0x00000f60       0x40 src\usb_hid_device\usbd_ioreq.o
 .debug_ranges  0x00000fa0       0x78 src\usb_hid_device\usbd_req.o
 .debug_ranges  0x00001018       0x40 src\usb_hid_device\usbd_usr.o

.debug_line     0x00000000     0x790d
 .debug_line    0x00000000      0x256 Libraries\STM32F4xx_StdPeriph_Driver\src\misc.o
 .debug_line    0x00000256      0x3e5 Libraries\STM32F4xx_StdPeriph_Driver\src\stm32f4xx_dma2d.o
 .debug_line    0x0000063b      0x2b0 Libraries\STM32F4xx_StdPeriph_Driver\src\stm32f4xx_exti.o
 .debug_line    0x000008eb      0x5d7 Libraries\STM32F4xx_StdPeriph_Driver\src\stm32f4xx_fmc.o
 .debug_line    0x00000ec2      0x388 Libraries\STM32F4xx_StdPeriph_Driver\src\stm32f4xx_gpio.o
 .debug_line    0x0000124a      0x52e Libraries\STM32F4xx_StdPeriph_Driver\src\stm32f4xx_i2c.o
 .debug_line    0x00001778      0x512 Libraries\STM32F4xx_StdPeriph_Driver\src\stm32f4xx_ltdc.o
 .debug_line    0x00001c8a      0x664 Libraries\STM32F4xx_StdPeriph_Driver\src\stm32f4xx_rcc.o
 .debug_line    0x000022ee      0x488 Libraries\STM32F4xx_StdPeriph_Driver\src\stm32f4xx_spi.o
 .debug_line    0x00002776      0x12c Utilities\Common\fonts.o
 .debug_line    0x000028a2      0x6ff Utilities\STM32F429I-Discovery\stm32f429i_discovery_ioe.o
 .debug_line    0x00002fa1      0xa8c Utilities\STM32F429I-Discovery\stm32f429i_discovery_lcd.o
 .debug_line    0x00003a2d      0x35d Utilities\STM32F429I-Discovery\stm32f429i_discovery_sdram.o
 .debug_line    0x00003d8a      0x57a src\main.o
 .debug_line    0x00004304       0x7d src\startup_stm32f429_439xx.o
 .debug_line    0x00004381      0x2e8 src\stm32f4xx_it.o
 .debug_line    0x00004669      0x230 src\system_stm32f4xx.o
 .debug_line    0x00004899      0x457 src\tm_stm32f4_delay.o
 .debug_line    0x00004cf0      0x1fa src\tm_stm32f4_disco.o
 .debug_line    0x00004eea      0x379 src\tm_stm32f4_gpio.o
 .debug_line    0x00005263      0x381 src\usb_hid_device\tm_stm32f4_usb_hid_device.o
 .debug_line    0x000055e4      0x320 src\usb_hid_device\usb_bsp.o
 .debug_line    0x00005904      0x71e src\usb_hid_device\usb_core.o
 .debug_line    0x00006022      0x365 src\usb_hid_device\usb_dcd.o
 .debug_line    0x00006387      0x453 src\usb_hid_device\usb_dcd_int.o
 .debug_line    0x000067da      0x37c src\usb_hid_device\usbd_core.o
 .debug_line    0x00006b56      0x239 src\usb_hid_device\usbd_desc.o
 .debug_line    0x00006d8f      0x271 src\usb_hid_device\usbd_hid_core.o
 .debug_line    0x00007000      0x24f src\usb_hid_device\usbd_ioreq.o
 .debug_line    0x0000724f      0x448 src\usb_hid_device\usbd_req.o
 .debug_line    0x00007697      0x276 src\usb_hid_device\usbd_usr.o

.debug_str      0x00000000     0x6d7a
 .debug_str     0x00000000      0x40f Libraries\STM32F4xx_StdPeriph_Driver\src\misc.o
                                0x468 (size before relaxing)
 .debug_str     0x0000040f      0x594 Libraries\STM32F4xx_StdPeriph_Driver\src\stm32f4xx_dma2d.o
                                0x7d0 (size before relaxing)
 .debug_str     0x000009a3      0x1c0 Libraries\STM32F4xx_StdPeriph_Driver\src\stm32f4xx_exti.o
                                0x3e6 (size before relaxing)
 .debug_str     0x00000b63      0x8c3 Libraries\STM32F4xx_StdPeriph_Driver\src\stm32f4xx_fmc.o
                                0xb05 (size before relaxing)
 .debug_str     0x00001426      0x292 Libraries\STM32F4xx_StdPeriph_Driver\src\stm32f4xx_gpio.o
                                0x53d (size before relaxing)
 .debug_str     0x000016b8      0x49d Libraries\STM32F4xx_StdPeriph_Driver\src\stm32f4xx_i2c.o
                                0x74c (size before relaxing)
 .debug_str     0x00001b55      0x804 Libraries\STM32F4xx_StdPeriph_Driver\src\stm32f4xx_ltdc.o
                                0xac2 (size before relaxing)
 .debug_str     0x00002359      0x709 Libraries\STM32F4xx_StdPeriph_Driver\src\stm32f4xx_rcc.o
                                0xa37 (size before relaxing)
 .debug_str     0x00002a62      0x399 Libraries\STM32F4xx_StdPeriph_Driver\src\stm32f4xx_spi.o
                                0x737 (size before relaxing)
 .debug_str     0x00002dfb       0x95 Utilities\Common\fonts.o
                                0x256 (size before relaxing)
 .debug_str     0x00002e90      0x44b Utilities\STM32F429I-Discovery\stm32f429i_discovery_ioe.o
                                0x91c (size before relaxing)
 .debug_str     0x000032db      0x561 Utilities\STM32F429I-Discovery\stm32f429i_discovery_lcd.o
                                0xf83 (size before relaxing)
 .debug_str     0x0000383c      0x11f Utilities\STM32F429I-Discovery\stm32f429i_discovery_sdram.o
                                0x6d4 (size before relaxing)
 .debug_str     0x0000395b      0x87a src\main.o
                                0xc97 (size before relaxing)
 .debug_str     0x000041d5       0x96 src\stm32f4xx_it.o
                                0x6ff (size before relaxing)
 .debug_str     0x0000426b       0x8f src\system_stm32f4xx.o
                                0x42f (size before relaxing)
 .debug_str     0x000042fa      0x749 src\tm_stm32f4_delay.o
                                0xebf (size before relaxing)
 .debug_str     0x00004a43      0x173 src\tm_stm32f4_disco.o
                                0x3b5 (size before relaxing)
 .debug_str     0x00004bb6      0x1b9 src\tm_stm32f4_gpio.o
                                0x63a (size before relaxing)
 .debug_str     0x00004d6f      0x8b2 src\usb_hid_device\tm_stm32f4_usb_hid_device.o
                                0xf80 (size before relaxing)
 .debug_str     0x00005621      0x142 src\usb_hid_device\usb_bsp.o
                               0x1404 (size before relaxing)
 .debug_str     0x00005763      0xba9 src\usb_hid_device\usb_core.o
                               0x1723 (size before relaxing)
 .debug_str     0x0000630c       0xfe src\usb_hid_device\usb_dcd.o
                                0xbeb (size before relaxing)
 .debug_str     0x0000640a      0x375 src\usb_hid_device\usb_dcd_int.o
                               0x14aa (size before relaxing)
 .debug_str     0x0000677f      0x160 src\usb_hid_device\usbd_core.o
                                0xc62 (size before relaxing)
 .debug_str     0x000068df       0xf4 src\usb_hid_device\usbd_desc.o
                                0x43b (size before relaxing)
 .debug_str     0x000069d3       0xfb src\usb_hid_device\usbd_hid_core.o
                                0xb3b (size before relaxing)
 .debug_str     0x00006ace       0xab src\usb_hid_device\usbd_ioreq.o
                                0xa77 (size before relaxing)
 .debug_str     0x00006b79      0x13e src\usb_hid_device\usbd_req.o
                                0xc20 (size before relaxing)
 .debug_str     0x00006cb7       0xc3 src\usb_hid_device\usbd_usr.o
                                0xbe0 (size before relaxing)

.comment        0x00000000       0x7c
 .comment       0x00000000       0x7c Libraries\STM32F4xx_StdPeriph_Driver\src\misc.o
                                 0x7d (size before relaxing)
 .comment       0x0000007c       0x7d Libraries\STM32F4xx_StdPeriph_Driver\src\stm32f4xx_dma2d.o
 .comment       0x0000007c       0x7d Libraries\STM32F4xx_StdPeriph_Driver\src\stm32f4xx_exti.o
 .comment       0x0000007c       0x7d Libraries\STM32F4xx_StdPeriph_Driver\src\stm32f4xx_fmc.o
 .comment       0x0000007c       0x7d Libraries\STM32F4xx_StdPeriph_Driver\src\stm32f4xx_gpio.o
 .comment       0x0000007c       0x7d Libraries\STM32F4xx_StdPeriph_Driver\src\stm32f4xx_i2c.o
 .comment       0x0000007c       0x7d Libraries\STM32F4xx_StdPeriph_Driver\src\stm32f4xx_ltdc.o
 .comment       0x0000007c       0x7d Libraries\STM32F4xx_StdPeriph_Driver\src\stm32f4xx_rcc.o
 .comment       0x0000007c       0x7d Libraries\STM32F4xx_StdPeriph_Driver\src\stm32f4xx_spi.o
 .comment       0x0000007c       0x7d Utilities\Common\fonts.o
 .comment       0x0000007c       0x7d Utilities\STM32F429I-Discovery\stm32f429i_discovery_ioe.o
 .comment       0x0000007c       0x7d Utilities\STM32F429I-Discovery\stm32f429i_discovery_lcd.o
 .comment       0x0000007c       0x7d Utilities\STM32F429I-Discovery\stm32f429i_discovery_sdram.o
 .comment       0x0000007c       0x7d src\main.o
 .comment       0x0000007c       0x7d src\stm32f4xx_it.o
 .comment       0x0000007c       0x7d src\system_stm32f4xx.o
 .comment       0x0000007c       0x7d src\tm_stm32f4_delay.o
 .comment       0x0000007c       0x7d src\tm_stm32f4_disco.o
 .comment       0x0000007c       0x7d src\tm_stm32f4_gpio.o
 .comment       0x0000007c       0x7d src\usb_hid_device\tm_stm32f4_usb_hid_device.o
 .comment       0x0000007c       0x7d src\usb_hid_device\usb_bsp.o
 .comment       0x0000007c       0x7d src\usb_hid_device\usb_core.o
 .comment       0x0000007c       0x7d src\usb_hid_device\usb_dcd.o
 .comment       0x0000007c       0x7d src\usb_hid_device\usb_dcd_int.o
 .comment       0x0000007c       0x7d src\usb_hid_device\usbd_core.o
 .comment       0x0000007c       0x7d src\usb_hid_device\usbd_desc.o
 .comment       0x0000007c       0x7d src\usb_hid_device\usbd_hid_core.o
 .comment       0x0000007c       0x7d src\usb_hid_device\usbd_ioreq.o
 .comment       0x0000007c       0x7d src\usb_hid_device\usbd_req.o
 .comment       0x0000007c       0x7d src\usb_hid_device\usbd_usr.o

.debug_frame    0x00000000     0x4a6c
 .debug_frame   0x00000000       0xd8 Libraries\STM32F4xx_StdPeriph_Driver\src\misc.o
 .debug_frame   0x000000d8      0x2ec Libraries\STM32F4xx_StdPeriph_Driver\src\stm32f4xx_dma2d.o
 .debug_frame   0x000003c4      0x148 Libraries\STM32F4xx_StdPeriph_Driver\src\stm32f4xx_exti.o
 .debug_frame   0x0000050c      0x440 Libraries\STM32F4xx_StdPeriph_Driver\src\stm32f4xx_fmc.o
 .debug_frame   0x0000094c      0x23c Libraries\STM32F4xx_StdPeriph_Driver\src\stm32f4xx_gpio.o
 .debug_frame   0x00000b88      0x580 Libraries\STM32F4xx_StdPeriph_Driver\src\stm32f4xx_i2c.o
 .debug_frame   0x00001108      0x4b4 Libraries\STM32F4xx_StdPeriph_Driver\src\stm32f4xx_ltdc.o
 .debug_frame   0x000015bc      0x814 Libraries\STM32F4xx_StdPeriph_Driver\src\stm32f4xx_rcc.o
 .debug_frame   0x00001dd0      0x3f4 Libraries\STM32F4xx_StdPeriph_Driver\src\stm32f4xx_spi.o
 .debug_frame   0x000021c4      0x3b8 Utilities\STM32F429I-Discovery\stm32f429i_discovery_ioe.o
 .debug_frame   0x0000257c      0x778 Utilities\STM32F429I-Discovery\stm32f429i_discovery_lcd.o
 .debug_frame   0x00002cf4       0xec Utilities\STM32F429I-Discovery\stm32f429i_discovery_sdram.o
 .debug_frame   0x00002de0       0xa0 src\main.o
 .debug_frame   0x00002e80       0xf0 src\stm32f4xx_it.o
 .debug_frame   0x00002f70       0x7c src\system_stm32f4xx.o
 .debug_frame   0x00002fec      0x1ec src\tm_stm32f4_delay.o
 .debug_frame   0x000031d8       0x98 src\tm_stm32f4_disco.o
 .debug_frame   0x00003270      0x274 src\tm_stm32f4_gpio.o
 .debug_frame   0x000034e4      0x1c8 src\usb_hid_device\tm_stm32f4_usb_hid_device.o
 .debug_frame   0x000036ac      0x114 src\usb_hid_device\usb_bsp.o
 .debug_frame   0x000037c0      0x584 src\usb_hid_device\usb_core.o
 .debug_frame   0x00003d44      0x1e8 src\usb_hid_device\usb_dcd.o
 .debug_frame   0x00003f2c      0x278 src\usb_hid_device\usb_dcd_int.o
 .debug_frame   0x000041a4      0x258 src\usb_hid_device\usbd_core.o
 .debug_frame   0x000043fc      0x114 src\usb_hid_device\usbd_desc.o
 .debug_frame   0x00004510       0xec src\usb_hid_device\usbd_hid_core.o
 .debug_frame   0x000045fc      0x110 src\usb_hid_device\usbd_ioreq.o
 .debug_frame   0x0000470c      0x214 src\usb_hid_device\usbd_req.o
 .debug_frame   0x00004920       0xf8 src\usb_hid_device\usbd_usr.o
 .debug_frame   0x00004a18       0x2c c:/program files (x86)/atollic/truestudio for stm32 9.0.1/armtools/bin/../lib/gcc/arm-atollic-eabi/6.3.1/../../../../arm-atollic-eabi/lib/armv7e-m/softfp\libc_nano.a(lib_a-init.o)
 .debug_frame   0x00004a44       0x28 c:/program files (x86)/atollic/truestudio for stm32 9.0.1/armtools/bin/../lib/gcc/arm-atollic-eabi/6.3.1/../../../../arm-atollic-eabi/lib/armv7e-m/softfp\libc_nano.a(lib_a-strcat.o)

.stabstr        0x00000000       0x3f
 .stabstr       0x00000000       0x3f c:/program files (x86)/atollic/truestudio for stm32 9.0.1/armtools/bin/../lib/gcc/arm-atollic-eabi/6.3.1/../../../../arm-atollic-eabi/lib/armv7e-m/softfp\libnosys.a(write.o)

Cross Reference Table

Symbol                                            File
ADC_AnalogWatchdogCmd                             Libraries\STM32F4xx_StdPeriph_Driver\src\stm32f4xx_adc.o
ADC_AnalogWatchdogSingleChannelConfig             Libraries\STM32F4xx_StdPeriph_Driver\src\stm32f4xx_adc.o
ADC_AnalogWatchdogThresholdsConfig                Libraries\STM32F4xx_StdPeriph_Driver\src\stm32f4xx_adc.o
ADC_AutoInjectedConvCmd                           Libraries\STM32F4xx_StdPeriph_Driver\src\stm32f4xx_adc.o
ADC_ClearFlag                                     Libraries\STM32F4xx_StdPeriph_Driver\src\stm32f4xx_adc.o
ADC_ClearITPendingBit                             Libraries\STM32F4xx_StdPeriph_Driver\src\stm32f4xx_adc.o
ADC_Cmd                                           Libraries\STM32F4xx_StdPeriph_Driver\src\stm32f4xx_adc.o
ADC_CommonInit                                    Libraries\STM32F4xx_StdPeriph_Driver\src\stm32f4xx_adc.o
ADC_CommonStructInit                              Libraries\STM32F4xx_StdPeriph_Driver\src\stm32f4xx_adc.o
ADC_ContinuousModeCmd                             Libraries\STM32F4xx_StdPeriph_Driver\src\stm32f4xx_adc.o
ADC_DMACmd                                        Libraries\STM32F4xx_StdPeriph_Driver\src\stm32f4xx_adc.o
ADC_DMARequestAfterLastTransferCmd                Libraries\STM32F4xx_StdPeriph_Driver\src\stm32f4xx_adc.o
ADC_DeInit                                        Libraries\STM32F4xx_StdPeriph_Driver\src\stm32f4xx_adc.o
ADC_DiscModeChannelCountConfig                    Libraries\STM32F4xx_StdPeriph_Driver\src\stm32f4xx_adc.o
ADC_DiscModeCmd                                   Libraries\STM32F4xx_StdPeriph_Driver\src\stm32f4xx_adc.o
ADC_EOCOnEachRegularChannelCmd                    Libraries\STM32F4xx_StdPeriph_Driver\src\stm32f4xx_adc.o
ADC_ExternalTrigInjectedConvConfig                Libraries\STM32F4xx_StdPeriph_Driver\src\stm32f4xx_adc.o
ADC_ExternalTrigInjectedConvEdgeConfig            Libraries\STM32F4xx_StdPeriph_Driver\src\stm32f4xx_adc.o
ADC_GetConversionValue                            Libraries\STM32F4xx_StdPeriph_Driver\src\stm32f4xx_adc.o
ADC_GetFlagStatus                                 Libraries\STM32F4xx_StdPeriph_Driver\src\stm32f4xx_adc.o
ADC_GetITStatus                                   Libraries\STM32F4xx_StdPeriph_Driver\src\stm32f4xx_adc.o
ADC_GetInjectedConversionValue                    Libraries\STM32F4xx_StdPeriph_Driver\src\stm32f4xx_adc.o
ADC_GetMultiModeConversionValue                   Libraries\STM32F4xx_StdPeriph_Driver\src\stm32f4xx_adc.o
ADC_GetSoftwareStartConvStatus                    Libraries\STM32F4xx_StdPeriph_Driver\src\stm32f4xx_adc.o
ADC_GetSoftwareStartInjectedConvCmdStatus         Libraries\STM32F4xx_StdPeriph_Driver\src\stm32f4xx_adc.o
ADC_IRQHandler                                    src\startup_stm32f429_439xx.o
ADC_ITConfig                                      Libraries\STM32F4xx_StdPeriph_Driver\src\stm32f4xx_adc.o
ADC_Init                                          Libraries\STM32F4xx_StdPeriph_Driver\src\stm32f4xx_adc.o
ADC_InjectedChannelConfig                         Libraries\STM32F4xx_StdPeriph_Driver\src\stm32f4xx_adc.o
ADC_InjectedDiscModeCmd                           Libraries\STM32F4xx_StdPeriph_Driver\src\stm32f4xx_adc.o
ADC_InjectedSequencerLengthConfig                 Libraries\STM32F4xx_StdPeriph_Driver\src\stm32f4xx_adc.o
ADC_MultiModeDMARequestAfterLastTransferCmd       Libraries\STM32F4xx_StdPeriph_Driver\src\stm32f4xx_adc.o
ADC_RegularChannelConfig                          Libraries\STM32F4xx_StdPeriph_Driver\src\stm32f4xx_adc.o
ADC_SetInjectedOffset                             Libraries\STM32F4xx_StdPeriph_Driver\src\stm32f4xx_adc.o
ADC_SoftwareStartConv                             Libraries\STM32F4xx_StdPeriph_Driver\src\stm32f4xx_adc.o
ADC_SoftwareStartInjectedConv                     Libraries\STM32F4xx_StdPeriph_Driver\src\stm32f4xx_adc.o
ADC_StructInit                                    Libraries\STM32F4xx_StdPeriph_Driver\src\stm32f4xx_adc.o
ADC_TempSensorVrefintCmd                          Libraries\STM32F4xx_StdPeriph_Driver\src\stm32f4xx_adc.o
ADC_VBATCmd                                       Libraries\STM32F4xx_StdPeriph_Driver\src\stm32f4xx_adc.o
AHBPrescTable                                     src\system_stm32f4xx.o
ASCII12x12_Table                                  Utilities\Common\fonts.o
ASCII16x24_Table                                  Utilities\Common\fonts.o
ASCII8x12_Table                                   Utilities\Common\fonts.o
ASCII8x8_Table                                    Utilities\Common\fonts.o
BUTTON_CLK                                        Utilities\STM32F429I-Discovery\stm32f429i_discovery.o
BUTTON_EXTI_LINE                                  Utilities\STM32F429I-Discovery\stm32f429i_discovery.o
BUTTON_IRQn                                       Utilities\STM32F429I-Discovery\stm32f429i_discovery.o
BUTTON_PIN                                        Utilities\STM32F429I-Discovery\stm32f429i_discovery.o
BUTTON_PIN_SOURCE                                 Utilities\STM32F429I-Discovery\stm32f429i_discovery.o
BUTTON_PORT                                       Utilities\STM32F429I-Discovery\stm32f429i_discovery.o
BUTTON_PORT_SOURCE                                Utilities\STM32F429I-Discovery\stm32f429i_discovery.o
BusFault_Handler                                  src\stm32f4xx_it.o
                                                  src\startup_stm32f429_439xx.o
CAN1_RX0_IRQHandler                               src\startup_stm32f429_439xx.o
CAN1_RX1_IRQHandler                               src\startup_stm32f429_439xx.o
CAN1_SCE_IRQHandler                               src\startup_stm32f429_439xx.o
CAN1_TX_IRQHandler                                src\startup_stm32f429_439xx.o
CAN2_RX0_IRQHandler                               src\startup_stm32f429_439xx.o
CAN2_RX1_IRQHandler                               src\startup_stm32f429_439xx.o
CAN2_SCE_IRQHandler                               src\startup_stm32f429_439xx.o
CAN2_TX_IRQHandler                                src\startup_stm32f429_439xx.o
CAN_CancelTransmit                                Libraries\STM32F4xx_StdPeriph_Driver\src\stm32f4xx_can.o
CAN_ClearFlag                                     Libraries\STM32F4xx_StdPeriph_Driver\src\stm32f4xx_can.o
CAN_ClearITPendingBit                             Libraries\STM32F4xx_StdPeriph_Driver\src\stm32f4xx_can.o
CAN_DBGFreeze                                     Libraries\STM32F4xx_StdPeriph_Driver\src\stm32f4xx_can.o